******************************************************************************
                  MSP430 Linker PC v21.6.0                     
******************************************************************************
>> Linked Sat Jul 30 18:24:57 2022

OUTPUT FILE NAME:   <car2.out>
ENTRY POINT SYMBOL: "_c_int00_noargs"  address: 0000ee2c


MEMORY CONFIGURATION

         name            origin    length      used     unused   attr    fill
----------------------  --------  ---------  --------  --------  ----  --------
  SFR                   00000000   00000010  00000000  00000010  RWIX
  PERIPHERALS_8BIT      00000010   000000f0  00000000  000000f0  RWIX
  PERIPHERALS_16BIT     00000100   00000100  00000000  00000100  RWIX
  RAM                   00000200   00000200  0000008b  00000175  RWIX
  INFOD                 00001000   00000040  00000000  00000040  RWIX
  INFOC                 00001040   00000040  00000000  00000040  RWIX
  INFOB                 00001080   00000040  00000000  00000040  RWIX
  INFOA                 000010c0   00000040  00000000  00000040  RWIX
  FLASH                 0000c000   00003fde  00002f58  00001086  RWIX
  BSLSIGNATURE          0000ffde   00000002  00000002  00000000  RWIX  ffff 
  INT00                 0000ffe0   00000002  00000002  00000000  RWIX
  INT01                 0000ffe2   00000002  00000000  00000002  RWIX
  INT02                 0000ffe4   00000002  00000002  00000000  RWIX
  INT03                 0000ffe6   00000002  00000002  00000000  RWIX
  INT04                 0000ffe8   00000002  00000000  00000002  RWIX
  INT05                 0000ffea   00000002  00000002  00000000  RWIX
  INT06                 0000ffec   00000002  00000002  00000000  RWIX
  INT07                 0000ffee   00000002  00000002  00000000  RWIX
  INT08                 0000fff0   00000002  00000002  00000000  RWIX
  INT09                 0000fff2   00000002  00000002  00000000  RWIX
  INT10                 0000fff4   00000002  00000002  00000000  RWIX
  INT11                 0000fff6   00000002  00000002  00000000  RWIX
  INT12                 0000fff8   00000002  00000002  00000000  RWIX
  INT13                 0000fffa   00000002  00000002  00000000  RWIX
  INT14                 0000fffc   00000002  00000002  00000000  RWIX
  RESET                 0000fffe   00000002  00000002  00000000  RWIX


SECTION ALLOCATION MAP

 output                                  attributes/
section   page    origin      length       input sections
--------  ----  ----------  ----------   ----------------
.data      0    00000200    0000001f     UNINITIALIZED
                  00000200    00000014     uart.obj (.data:combuff)
                  00000214    00000008     main.obj (.data)
                  0000021c    00000002     uart.obj (.data)
                  0000021e    00000001     distance.obj (.data)

.bss       0    00000220    0000001c     UNINITIALIZED
                  00000220    00000008     PID.obj (.bss)
                  00000228    00000008     (.common:distance)
                  00000230    00000004     xunji.obj (.bss)
                  00000234    00000002     (.common:deta_pwm)
                  00000236    00000002     (.common:result1_end)
                  00000238    00000002     (.common:result1_start)
                  0000023a    00000002     (.common:temp)

.stack     0    000003b0    00000050     UNINITIALIZED
                  000003b0    00000002     rts430_eabi.lib : boot.c.obj (.stack)
                  000003b2    0000004e     --HOLE--

.text      0    0000c000    00002f0c     
                  0000c000    00000736     rts430_eabi.lib : addd.c.obj (.text:__mspabi_addd)
                  0000c736    0000051e     xunji.obj (.text:xunji3_detect)
                  0000cc54    000002c0     rts430_eabi.lib : mpyd.c.obj (.text:__mspabi_mpyd)
                  0000cf14    00000234     xunji.obj (.text:xunji1_detect)
                  0000d148    00000234     xunji.obj (.text:xunji2_detect)
                  0000d37c    00000234     xunji.obj (.text:xunji4_detect)
                  0000d5b0    00000172     rts430_eabi.lib : frcmpyd.c.obj (.text:__TI_frcmpyd)
                  0000d722    00000132                     : fs_add.asm.obj (.text)
                  0000d854    00000114                     : mult64.asm.obj (.text:__mpyll)
                  0000d968    000000fa     PID.obj (.text:get_pid)
                  0000da62    000000f6     distance.obj (.text:TAIV_ISR)
                  0000db58    000000dc     rts430_eabi.lib : cmpd.c.obj (.text:__mspabi_cmpd)
                  0000dc34    000000ce     main.obj (.text:main)
                  0000dd02    000000c8     car.obj (.text:motorrun2)
                  0000ddca    000000c4     rts430_eabi.lib : fs_mpy.asm.obj (.text)
                  0000de8e    000000bc     car.obj (.text:motorrun5)
                  0000df4a    000000ba     car.obj (.text:motorrun1)
                  0000e004    000000ba     car.obj (.text:motorrun3)
                  0000e0be    000000b4     rts430_eabi.lib : cvtdf.c.obj (.text:__mspabi_cvtdf)
                  0000e172    0000008a                     : fltuld.c.obj (.text:__mspabi_fltuld)
                  0000e1fc    00000084     uart.obj (.text:uart_detect)
                  0000e280    0000007e     car.obj (.text:run_pid1)
                  0000e2fe    0000007e     car.obj (.text:run_pid2)
                  0000e37c    0000007e     car.obj (.text:run_pid3)
                  0000e3fa    0000007e     car.obj (.text:run_pid5)
                  0000e478    0000007c     rts430_eabi.lib : copy_decompress_lzss.c.obj (.text:decompress:lzss:__TI_decompress_lzss)
                  0000e4f4    00000072                     : fixdli.c.obj (.text:__mspabi_fixdli)
                  0000e566    00000070                     : cvtfd.c.obj (.text:__mspabi_cvtfd)
                  0000e5d6    0000005c     uart.obj (.text:UART_Receive_ISR)
                  0000e632    0000005c     rts430_eabi.lib : lsr32.asm.obj (.text:l_lsr_const)
                  0000e68e    0000004c                     : lsr16.asm.obj (.text)
                  0000e6da    0000004a                     : asr64.c.obj (.text:__mspabi_srall)
                  0000e724    0000004a     xunji.obj (.text:xunji_Init)
                  0000e76e    00000046     rts430_eabi.lib : lsr64.c.obj (.text:__mspabi_srlll)
                  0000e7b4    00000044                     : lsl64.c.obj (.text:__mspabi_sllll)
                  0000e7f8    00000042                     : autoinit.c.obj (.text:__TI_auto_init_nobinit_nopinit:__TI_auto_init_nobinit_nopinit)
                  0000e83a    0000003e                     : asr32.asm.obj (.text:l_asr_const)
                  0000e878    0000003e                     : lsl32.asm.obj (.text:l_lsl_const)
                  0000e8b6    00000038     car.obj (.text:PWM_init)
                  0000e8ee    00000032     car.obj (.text:motor_init)
                  0000e920    00000032     uart.obj (.text:uart_init)
                  0000e952    0000002e     rts430_eabi.lib : subd.c.obj (.text:__mspabi_subd)
                  0000e980    0000002e     distance.obj (.text:send_15us)
                  0000e9ae    0000002c     rts430_eabi.lib : asr16.asm.obj (.text)
                  0000e9da    0000002c                     : div16s.asm.obj (.text)
                  0000ea06    0000002c                     : lsl16.asm.obj (.text)
                  0000ea32    00000028                     : fixdi.c.obj (.text:__mspabi_fixdi)
                  0000ea5a    00000028     distance.obj (.text:distance_init)
                  0000ea82    00000026     car.obj (.text:back1)
                  0000eaa8    00000026     car.obj (.text:back2)
                  0000eace    00000026     rts430_eabi.lib : mult32.asm.obj (.text)
                  0000eaf4    00000026     car.obj (.text:run1)
                  0000eb1a    00000026     car.obj (.text:run2)
                  0000eb40    00000026     car.obj (.text:run3)
                  0000eb66    00000026     car.obj (.text:run5)
                  0000eb8c    00000026     car.obj (.text:turnleftbig1)
                  0000ebb2    00000026     car.obj (.text:turnleftbig2)
                  0000ebd8    00000026     car.obj (.text:turnleftbig3)
                  0000ebfe    00000026     car.obj (.text:turnleftbig5)
                  0000ec24    00000026     car.obj (.text:turnleftsmall1)
                  0000ec4a    00000026     car.obj (.text:turnleftsmall2)
                  0000ec70    00000026     car.obj (.text:turnleftsmall3)
                  0000ec96    00000026     car.obj (.text:turnleftsmall5)
                  0000ecbc    00000026     car.obj (.text:turnrightbig1)
                  0000ece2    00000026     car.obj (.text:turnrightbig2)
                  0000ed08    00000026     car.obj (.text:turnrightbig3)
                  0000ed2e    00000026     car.obj (.text:turnrightbig5)
                  0000ed54    00000026     car.obj (.text:turnrightsmall1)
                  0000ed7a    00000026     car.obj (.text:turnrightsmall2)
                  0000eda0    00000026     car.obj (.text:turnrightsmall3)
                  0000edc6    00000026     car.obj (.text:turnrightsmall5)
                  0000edec    00000022     rts430_eabi.lib : mult1632.asm.obj (.text:__mpyul)
                  0000ee0e    0000001e                     : mult3264.asm.obj (.text:__mpyull)
                  0000ee2c    0000001c                     : boot.c.obj (.text:_c_int00_noargs)
                  0000ee48    0000001a     car.obj (.text:stop)
                  0000ee62    00000016     rts430_eabi.lib : div16u.asm.obj (.text)
                  0000ee78    00000014                     : copy_zero_init.c.obj (.text:decompress:ZI:__TI_zero_init_nomemset:__TI_zero_init_nomemset)
                  0000ee8c    00000012                     : copy_decompress_none.c.obj (.text:decompress:none:__TI_decompress_none)
                  0000ee9e    00000012                     : lsr32.asm.obj (.text:l_lsr)
                  0000eeb0    00000012     led.obj (.text:led_init)
                  0000eec2    00000012     rts430_eabi.lib : memcpy.c.obj (.text:memcpy)
                  0000eed4    00000010                     : epilog.asm.obj (.text)
                  0000eee4    0000000e     PID.obj (.text:Limit_Pwm)
                  0000eef2    00000008     rts430_eabi.lib : isr_trap.asm.obj (.text:_isr:__TI_ISR_TRAP)
                  0000eefa    00000006                     : fltud.c.obj (.text:__mspabi_fltud)
                  0000ef00    00000006                     : exit.c.obj (.text:abort)
                  0000ef06    00000004                     : pre_init.c.obj (.text:_system_pre_init)
                  0000ef0a    00000002                     : startup.c.obj (.text:_system_post_cinit)

.const     0    0000ef0c    00000032     
                  0000ef0c    00000032     uart.obj (.const:$P$T0$1)

.cinit     0    0000ef3e    0000001a     
                  0000ef3e    00000008     (.cinit..data.load) [load image, compression = lzss]
                  0000ef46    00000006     (__TI_handler_table)
                  0000ef4c    00000004     (.cinit..bss.load) [load image, compression = zero_init]
                  0000ef50    00000008     (__TI_cinit_table)

.binit     0    0000c000    00000000     

.init_array 
*          0    0000c000    00000000     UNINITIALIZED

TRAPINT    0    0000ffe0    00000002     
                  0000ffe0    00000002     rts430_eabi.lib : int00.asm.obj (.int00)

PORT1      0    0000ffe4    00000002     
                  0000ffe4    00000002     rts430_eabi.lib : int02.asm.obj (.int02)

PORT2      0    0000ffe6    00000002     
                  0000ffe6    00000002     rts430_eabi.lib : int03.asm.obj (.int03)

ADC10      0    0000ffea    00000002     
                  0000ffea    00000002     rts430_eabi.lib : int05.asm.obj (.int05)

USCIAB0TX 
*          0    0000ffec    00000002     
                  0000ffec    00000002     rts430_eabi.lib : int06.asm.obj (.int06)

USCIAB0RX 
*          0    0000ffee    00000002     
                  0000ffee    00000002     uart.obj (.int07)

TIMER0_A1 
*          0    0000fff0    00000002     
                  0000fff0    00000002     distance.obj (.int08)

TIMER0_A0 
*          0    0000fff2    00000002     
                  0000fff2    00000002     rts430_eabi.lib : int09.asm.obj (.int09)

WDT        0    0000fff4    00000002     
                  0000fff4    00000002     rts430_eabi.lib : int10.asm.obj (.int10)

COMPARATORA 
*          0    0000fff6    00000002     
                  0000fff6    00000002     rts430_eabi.lib : int11.asm.obj (.int11)

TIMER1_A1 
*          0    0000fff8    00000002     
                  0000fff8    00000002     rts430_eabi.lib : int12.asm.obj (.int12)

TIMER1_A0 
*          0    0000fffa    00000002     
                  0000fffa    00000002     rts430_eabi.lib : int13.asm.obj (.int13)

NMI        0    0000fffc    00000002     
                  0000fffc    00000002     rts430_eabi.lib : int14.asm.obj (.int14)

.reset     0    0000fffe    00000002     
                  0000fffe    00000002     rts430_eabi.lib : boot.c.obj (.reset)

$fill000   0    0000ffde    00000002     
                  0000ffde    00000002     --HOLE-- [fill = ffff]

MODULE SUMMARY

       Module                       code    ro data   rw data
       ------                       ----    -------   -------
    .\src\
       xunji.obj                    3076    0         4      
       car.obj                      2232    0         0      
       distance.obj                 332     2         15     
       uart.obj                     274     52        22     
       PID.obj                      264     0         8      
       main.obj                     206     0         10     
       led.obj                      18      0         0      
    +--+----------------------------+-------+---------+---------+
       Total:                       6402    54        59     
                                                             
    E:\ccs1200\ccs\tools\compiler\ti-cgt-msp430_21.6.0.LTS\lib\rts430_eabi.lib
       addd.c.obj                   1846    0         0      
       mpyd.c.obj                   704     0         0      
       frcmpyd.c.obj                370     0         0      
       fs_add.asm.obj               306     0         0      
       mult64.asm.obj               276     0         0      
       cmpd.c.obj                   220     0         0      
       fs_mpy.asm.obj               196     0         0      
       cvtdf.c.obj                  180     0         0      
       fltuld.c.obj                 138     0         0      
       copy_decompress_lzss.c.obj   124     0         0      
       fixdli.c.obj                 114     0         0      
       cvtfd.c.obj                  112     0         0      
       lsr32.asm.obj                110     0         0      
       lsr16.asm.obj                76      0         0      
       asr64.c.obj                  74      0         0      
       lsr64.c.obj                  70      0         0      
       lsl64.c.obj                  68      0         0      
       autoinit.c.obj               66      0         0      
       asr32.asm.obj                62      0         0      
       lsl32.asm.obj                62      0         0      
       subd.c.obj                   46      0         0      
       asr16.asm.obj                44      0         0      
       div16s.asm.obj               44      0         0      
       lsl16.asm.obj                44      0         0      
       fixdi.c.obj                  40      0         0      
       mult32.asm.obj               38      0         0      
       mult1632.asm.obj             34      0         0      
       boot.c.obj                   28      2         0      
       mult3264.asm.obj             30      0         0      
       div16u.asm.obj               22      0         0      
       copy_zero_init.c.obj         20      0         0      
       copy_decompress_none.c.obj   18      0         0      
       memcpy.c.obj                 18      0         0      
       epilog.asm.obj               16      0         0      
       isr_trap.asm.obj             8       0         0      
       exit.c.obj                   6       0         0      
       fltud.c.obj                  6       0         0      
       pre_init.c.obj               4       0         0      
       int00.asm.obj                0       2         0      
       int02.asm.obj                0       2         0      
       int03.asm.obj                0       2         0      
       int05.asm.obj                0       2         0      
       int06.asm.obj                0       2         0      
       int09.asm.obj                0       2         0      
       int10.asm.obj                0       2         0      
       int11.asm.obj                0       2         0      
       int12.asm.obj                0       2         0      
       int13.asm.obj                0       2         0      
       int14.asm.obj                0       2         0      
       startup.c.obj                2       0         0      
    +--+----------------------------+-------+---------+---------+
       Total:                       5642    24        0      
                                                             
       Stack:                       0       0         80     
       Linker Generated:            0       26        0      
    +--+----------------------------+-------+---------+---------+
       Grand Total:                 12044   104       139    


LINKER GENERATED COPY TABLES

__TI_cinit_table @ 0000ef50 records: 2, size/record: 4, table size: 8
	.data: load addr=0000ef3e, load size=00000008 bytes, run addr=00000200, run size=0000001f bytes, compression=lzss
	.bss: load addr=0000ef4c, load size=00000004 bytes, run addr=00000220, run size=0000001c bytes, compression=zero_init


LINKER GENERATED HANDLER TABLE

__TI_handler_table @ 0000ef46 records: 3, size/record: 2, table size: 6
	index: 0, handler: __TI_zero_init
	index: 1, handler: __TI_decompress_lzss
	index: 2, handler: __TI_decompress_none


GLOBAL SYMBOLS: SORTED ALPHABETICALLY BY Name 

address   name                          
-------   ----                          
0000004a  ADC10AE0                      
000001b0  ADC10CTL0                     
000001b2  ADC10CTL1                     
00000048  ADC10DTC0                     
00000049  ADC10DTC1                     
000001b4  ADC10MEM                      
000001bc  ADC10SA                       
00000057  BCSCTL1                       
00000058  BCSCTL2                       
00000053  BCSCTL3                       
0000ef00  C$$EXIT                       
00000059  CACTL1                        
0000005a  CACTL2                        
000010fb  CALBC1_12MHZ                  
000010f9  CALBC1_16MHZ                  
000010ff  CALBC1_1MHZ                   
000010fd  CALBC1_8MHZ                   
000010fa  CALDCO_12MHZ                  
000010f8  CALDCO_16MHZ                  
000010fe  CALDCO_1MHZ                   
000010fc  CALDCO_8MHZ                   
0000005b  CAPD                          
00000056  DCOCTL                        
00000128  FCTL1                         
0000012a  FCTL2                         
0000012c  FCTL3                         
00000000  IE1                           
00000001  IE2                           
00000002  IFG1                          
00000003  IFG2                          
0000eee4  Limit_Pwm                     
00000022  P1DIR                         
00000025  P1IE                          
00000024  P1IES                         
00000023  P1IFG                         
00000020  P1IN                          
00000021  P1OUT                         
00000027  P1REN                         
00000026  P1SEL                         
00000041  P1SEL2                        
0000002a  P2DIR                         
0000002d  P2IE                          
0000002c  P2IES                         
0000002b  P2IFG                         
00000028  P2IN                          
00000029  P2OUT                         
0000002f  P2REN                         
0000002e  P2SEL                         
00000042  P2SEL2                        
0000001a  P3DIR                         
00000018  P3IN                          
00000019  P3OUT                         
00000010  P3REN                         
0000001b  P3SEL                         
00000043  P3SEL2                        
0000e8b6  PWM_init                      
00000172  TA0CCR0                       
00000174  TA0CCR1                       
00000176  TA0CCR2                       
00000162  TA0CCTL0                      
00000164  TA0CCTL1                      
00000166  TA0CCTL2                      
00000160  TA0CTL                        
0000012e  TA0IV                         
00000170  TA0R                          
00000192  TA1CCR0                       
00000194  TA1CCR1                       
00000196  TA1CCR2                       
00000182  TA1CCTL0                      
00000184  TA1CCTL1                      
00000186  TA1CCTL2                      
00000180  TA1CTL                        
0000011e  TA1IV                         
00000190  TA1R                          
0000da62  TAIV_ISR                      
000010db  TLV_ADC10_1_LEN               
000010da  TLV_ADC10_1_TAG               
000010c0  TLV_CHECKSUM                  
000010f7  TLV_DCO_30_LEN                
000010f6  TLV_DCO_30_TAG                
0000e5d6  UART_Receive_ISR              
0000005d  UCA0ABCTL                     
00000062  UCA0BR0                       
00000063  UCA0BR1                       
00000060  UCA0CTL0                      
00000061  UCA0CTL1                      
0000005f  UCA0IRRCTL                    
0000005e  UCA0IRTCTL                    
00000064  UCA0MCTL                      
00000066  UCA0RXBUF                     
00000065  UCA0STAT                      
00000067  UCA0TXBUF                     
0000006a  UCB0BR0                       
0000006b  UCB0BR1                       
00000068  UCB0CTL0                      
00000069  UCB0CTL1                      
0000006c  UCB0I2CIE                     
00000118  UCB0I2COA                     
0000011a  UCB0I2CSA                     
0000006e  UCB0RXBUF                     
0000006d  UCB0STAT                      
0000006f  UCB0TXBUF                     
00000120  WDTCTL                        
00000400  __STACK_END                   
00000050  __STACK_SIZE                  
0000ef50  __TI_CINIT_Base               
0000ef58  __TI_CINIT_Limit              
0000ef58  __TI_CINIT_Warm               
0000ef46  __TI_Handler_Table_Base       
0000ef4c  __TI_Handler_Table_Limit      
0000eef2  __TI_ISR_TRAP                 
0000e7f8  __TI_auto_init_nobinit_nopinit
0000e478  __TI_decompress_lzss          
0000ee8c  __TI_decompress_none          
0000d5b0  __TI_frcmpyd                  
0000ffe0  __TI_int00                    
0000ffe4  __TI_int02                    
0000ffe6  __TI_int03                    
0000ffea  __TI_int05                    
0000ffec  __TI_int06                    
0000ffee  __TI_int07                    
0000fff0  __TI_int08                    
0000fff2  __TI_int09                    
0000fff4  __TI_int10                    
0000fff6  __TI_int11                    
0000fff8  __TI_int12                    
0000fffa  __TI_int13                    
0000fffc  __TI_int14                    
ffffffff  __TI_pprof_out_hndl           
ffffffff  __TI_prof_data_size           
ffffffff  __TI_prof_data_start          
0000ee78  __TI_zero_init_nomemset       
ffffffff  __c_args__                    
0000c000  __mspabi_addd                 
0000d728  __mspabi_addf                 
0000db58  __mspabi_cmpd                 
0000e0be  __mspabi_cvtdf                
0000e566  __mspabi_cvtfd                
0000e9da  __mspabi_divi                 
0000ee62  __mspabi_divu                 
0000ea32  __mspabi_fixdi                
0000e4f4  __mspabi_fixdli               
0000eefa  __mspabi_fltud                
0000e172  __mspabi_fltuld               
0000eee0  __mspabi_func_epilog_1        
0000eede  __mspabi_func_epilog_2        
0000eedc  __mspabi_func_epilog_3        
0000eeda  __mspabi_func_epilog_4        
0000eed8  __mspabi_func_epilog_5        
0000eed6  __mspabi_func_epilog_6        
0000eed4  __mspabi_func_epilog_7        
0000cc54  __mspabi_mpyd                 
0000ddca  __mspabi_mpyf                 
0000eace  __mspabi_mpyl                 
0000eace  __mspabi_mpyl_sw              
0000d854  __mspabi_mpyll                
0000d854  __mspabi_mpyll_sw             
0000edec  __mspabi_mpyul                
0000edec  __mspabi_mpyul_sw             
0000ee0e  __mspabi_mpyull               
0000ee0e  __mspabi_mpyull_sw            
0000e9da  __mspabi_remi                 
0000ee62  __mspabi_remu                 
0000ea06  __mspabi_slli                 
0000ea2e  __mspabi_slli_1               
0000ea1c  __mspabi_slli_10              
0000ea1a  __mspabi_slli_11              
0000ea18  __mspabi_slli_12              
0000ea16  __mspabi_slli_13              
0000ea14  __mspabi_slli_14              
0000ea12  __mspabi_slli_15              
0000ea2c  __mspabi_slli_2               
0000ea2a  __mspabi_slli_3               
0000ea28  __mspabi_slli_4               
0000ea26  __mspabi_slli_5               
0000ea24  __mspabi_slli_6               
0000ea22  __mspabi_slli_7               
0000ea20  __mspabi_slli_8               
0000ea1e  __mspabi_slli_9               
0000e8b0  __mspabi_slll_1               
0000e88c  __mspabi_slll_10              
0000e888  __mspabi_slll_11              
0000e884  __mspabi_slll_12              
0000e880  __mspabi_slll_13              
0000e87c  __mspabi_slll_14              
0000e878  __mspabi_slll_15              
0000e8ac  __mspabi_slll_2               
0000e8a8  __mspabi_slll_3               
0000e8a4  __mspabi_slll_4               
0000e8a0  __mspabi_slll_5               
0000e89c  __mspabi_slll_6               
0000e898  __mspabi_slll_7               
0000e894  __mspabi_slll_8               
0000e890  __mspabi_slll_9               
0000e7b4  __mspabi_sllll                
0000e9ae  __mspabi_srai                 
0000e9d6  __mspabi_srai_1               
0000e9c4  __mspabi_srai_10              
0000e9c2  __mspabi_srai_11              
0000e9c0  __mspabi_srai_12              
0000e9be  __mspabi_srai_13              
0000e9bc  __mspabi_srai_14              
0000e9ba  __mspabi_srai_15              
0000e9d4  __mspabi_srai_2               
0000e9d2  __mspabi_srai_3               
0000e9d0  __mspabi_srai_4               
0000e9ce  __mspabi_srai_5               
0000e9cc  __mspabi_srai_6               
0000e9ca  __mspabi_srai_7               
0000e9c8  __mspabi_srai_8               
0000e9c6  __mspabi_srai_9               
0000e872  __mspabi_sral_1               
0000e84e  __mspabi_sral_10              
0000e84a  __mspabi_sral_11              
0000e846  __mspabi_sral_12              
0000e842  __mspabi_sral_13              
0000e83e  __mspabi_sral_14              
0000e83a  __mspabi_sral_15              
0000e86e  __mspabi_sral_2               
0000e86a  __mspabi_sral_3               
0000e866  __mspabi_sral_4               
0000e862  __mspabi_sral_5               
0000e85e  __mspabi_sral_6               
0000e85a  __mspabi_sral_7               
0000e856  __mspabi_sral_8               
0000e852  __mspabi_sral_9               
0000e6da  __mspabi_srall                
0000e68e  __mspabi_srli                 
0000e6d4  __mspabi_srli_1               
0000e6b0  __mspabi_srli_10              
0000e6ac  __mspabi_srli_11              
0000e6a8  __mspabi_srli_12              
0000e6a4  __mspabi_srli_13              
0000e6a0  __mspabi_srli_14              
0000e69c  __mspabi_srli_15              
0000e6d0  __mspabi_srli_2               
0000e6cc  __mspabi_srli_3               
0000e6c8  __mspabi_srli_4               
0000e6c4  __mspabi_srli_5               
0000e6c0  __mspabi_srli_6               
0000e6bc  __mspabi_srli_7               
0000e6b8  __mspabi_srli_8               
0000e6b4  __mspabi_srli_9               
0000ee9e  __mspabi_srll                 
0000e686  __mspabi_srll_1               
0000e650  __mspabi_srll_10              
0000e64a  __mspabi_srll_11              
0000e644  __mspabi_srll_12              
0000e63e  __mspabi_srll_13              
0000e638  __mspabi_srll_14              
0000e632  __mspabi_srll_15              
0000e680  __mspabi_srll_2               
0000e67a  __mspabi_srll_3               
0000e674  __mspabi_srll_4               
0000e66e  __mspabi_srll_5               
0000e668  __mspabi_srll_6               
0000e662  __mspabi_srll_7               
0000e65c  __mspabi_srll_8               
0000e656  __mspabi_srll_9               
0000e76e  __mspabi_srlll                
0000e952  __mspabi_subd                 
0000d722  __mspabi_subf                 
0000ee2c  _c_int00_noargs               
0000fffe  _reset_vector                 
000003b0  _stack                        
0000ef0a  _system_post_cinit            
0000ef06  _system_pre_init              
0000ef00  abort                         
0000ea82  back1                         
0000eaa8  back2                         
00000200  combuff                       
00000234  deta_pwm                      
00000228  distance                      
0000ea5a  distance_init                 
00000214  flag                          
0000d968  get_pid                       
0000021e  index                         
0000021c  iscomend                      
00000218  key_flag                      
0000eeb0  led_init                      
0000dc34  main                          
0000eec2  memcpy                        
0000e8ee  motor_init                    
0000df4a  motorrun1                     
0000dd02  motorrun2                     
0000e004  motorrun3                     
0000de8e  motorrun5                     
0000021a  panduan                       
00000236  result1_end                   
00000238  result1_start                 
0000eaf4  run1                          
0000eb1a  run2                          
0000eb40  run3                          
0000eb66  run5                          
0000e280  run_pid1                      
0000e2fe  run_pid2                      
0000e37c  run_pid3                      
0000e3fa  run_pid5                      
0000e980  send_15us                     
0000ee48  stop                          
00000216  stop_flag                     
0000023a  temp                          
0000eb8c  turnleftbig1                  
0000ebb2  turnleftbig2                  
0000ebd8  turnleftbig3                  
0000ebfe  turnleftbig5                  
0000ec24  turnleftsmall1                
0000ec4a  turnleftsmall2                
0000ec70  turnleftsmall3                
0000ec96  turnleftsmall5                
0000ecbc  turnrightbig1                 
0000ece2  turnrightbig2                 
0000ed08  turnrightbig3                 
0000ed2e  turnrightbig5                 
0000ed54  turnrightsmall1               
0000ed7a  turnrightsmall2               
0000eda0  turnrightsmall3               
0000edc6  turnrightsmall5               
0000e1fc  uart_detect                   
0000e920  uart_init                     
0000cf14  xunji1_detect                 
0000d148  xunji2_detect                 
0000c736  xunji3_detect                 
0000d37c  xunji4_detect                 
0000e724  xunji_Init                    


GLOBAL SYMBOLS: SORTED BY Symbol Address 

address   name                          
-------   ----                          
00000000  IE1                           
00000001  IE2                           
00000002  IFG1                          
00000003  IFG2                          
00000010  P3REN                         
00000018  P3IN                          
00000019  P3OUT                         
0000001a  P3DIR                         
0000001b  P3SEL                         
00000020  P1IN                          
00000021  P1OUT                         
00000022  P1DIR                         
00000023  P1IFG                         
00000024  P1IES                         
00000025  P1IE                          
00000026  P1SEL                         
00000027  P1REN                         
00000028  P2IN                          
00000029  P2OUT                         
0000002a  P2DIR                         
0000002b  P2IFG                         
0000002c  P2IES                         
0000002d  P2IE                          
0000002e  P2SEL                         
0000002f  P2REN                         
00000041  P1SEL2                        
00000042  P2SEL2                        
00000043  P3SEL2                        
00000048  ADC10DTC0                     
00000049  ADC10DTC1                     
0000004a  ADC10AE0                      
00000050  __STACK_SIZE                  
00000053  BCSCTL3                       
00000056  DCOCTL                        
00000057  BCSCTL1                       
00000058  BCSCTL2                       
00000059  CACTL1                        
0000005a  CACTL2                        
0000005b  CAPD                          
0000005d  UCA0ABCTL                     
0000005e  UCA0IRTCTL                    
0000005f  UCA0IRRCTL                    
00000060  UCA0CTL0                      
00000061  UCA0CTL1                      
00000062  UCA0BR0                       
00000063  UCA0BR1                       
00000064  UCA0MCTL                      
00000065  UCA0STAT                      
00000066  UCA0RXBUF                     
00000067  UCA0TXBUF                     
00000068  UCB0CTL0                      
00000069  UCB0CTL1                      
0000006a  UCB0BR0                       
0000006b  UCB0BR1                       
0000006c  UCB0I2CIE                     
0000006d  UCB0STAT                      
0000006e  UCB0RXBUF                     
0000006f  UCB0TXBUF                     
00000118  UCB0I2COA                     
0000011a  UCB0I2CSA                     
0000011e  TA1IV                         
00000120  WDTCTL                        
00000128  FCTL1                         
0000012a  FCTL2                         
0000012c  FCTL3                         
0000012e  TA0IV                         
00000160  TA0CTL                        
00000162  TA0CCTL0                      
00000164  TA0CCTL1                      
00000166  TA0CCTL2                      
00000170  TA0R                          
00000172  TA0CCR0                       
00000174  TA0CCR1                       
00000176  TA0CCR2                       
00000180  TA1CTL                        
00000182  TA1CCTL0                      
00000184  TA1CCTL1                      
00000186  TA1CCTL2                      
00000190  TA1R                          
00000192  TA1CCR0                       
00000194  TA1CCR1                       
00000196  TA1CCR2                       
000001b0  ADC10CTL0                     
000001b2  ADC10CTL1                     
000001b4  ADC10MEM                      
000001bc  ADC10SA                       
00000200  combuff                       
00000214  flag                          
00000216  stop_flag                     
00000218  key_flag                      
0000021a  panduan                       
0000021c  iscomend                      
0000021e  index                         
00000228  distance                      
00000234  deta_pwm                      
00000236  result1_end                   
00000238  result1_start                 
0000023a  temp                          
000003b0  _stack                        
00000400  __STACK_END                   
000010c0  TLV_CHECKSUM                  
000010da  TLV_ADC10_1_TAG               
000010db  TLV_ADC10_1_LEN               
000010f6  TLV_DCO_30_TAG                
000010f7  TLV_DCO_30_LEN                
000010f8  CALDCO_16MHZ                  
000010f9  CALBC1_16MHZ                  
000010fa  CALDCO_12MHZ                  
000010fb  CALBC1_12MHZ                  
000010fc  CALDCO_8MHZ                   
000010fd  CALBC1_8MHZ                   
000010fe  CALDCO_1MHZ                   
000010ff  CALBC1_1MHZ                   
0000c000  __mspabi_addd                 
0000c736  xunji3_detect                 
0000cc54  __mspabi_mpyd                 
0000cf14  xunji1_detect                 
0000d148  xunji2_detect                 
0000d37c  xunji4_detect                 
0000d5b0  __TI_frcmpyd                  
0000d722  __mspabi_subf                 
0000d728  __mspabi_addf                 
0000d854  __mspabi_mpyll                
0000d854  __mspabi_mpyll_sw             
0000d968  get_pid                       
0000da62  TAIV_ISR                      
0000db58  __mspabi_cmpd                 
0000dc34  main                          
0000dd02  motorrun2                     
0000ddca  __mspabi_mpyf                 
0000de8e  motorrun5                     
0000df4a  motorrun1                     
0000e004  motorrun3                     
0000e0be  __mspabi_cvtdf                
0000e172  __mspabi_fltuld               
0000e1fc  uart_detect                   
0000e280  run_pid1                      
0000e2fe  run_pid2                      
0000e37c  run_pid3                      
0000e3fa  run_pid5                      
0000e478  __TI_decompress_lzss          
0000e4f4  __mspabi_fixdli               
0000e566  __mspabi_cvtfd                
0000e5d6  UART_Receive_ISR              
0000e632  __mspabi_srll_15              
0000e638  __mspabi_srll_14              
0000e63e  __mspabi_srll_13              
0000e644  __mspabi_srll_12              
0000e64a  __mspabi_srll_11              
0000e650  __mspabi_srll_10              
0000e656  __mspabi_srll_9               
0000e65c  __mspabi_srll_8               
0000e662  __mspabi_srll_7               
0000e668  __mspabi_srll_6               
0000e66e  __mspabi_srll_5               
0000e674  __mspabi_srll_4               
0000e67a  __mspabi_srll_3               
0000e680  __mspabi_srll_2               
0000e686  __mspabi_srll_1               
0000e68e  __mspabi_srli                 
0000e69c  __mspabi_srli_15              
0000e6a0  __mspabi_srli_14              
0000e6a4  __mspabi_srli_13              
0000e6a8  __mspabi_srli_12              
0000e6ac  __mspabi_srli_11              
0000e6b0  __mspabi_srli_10              
0000e6b4  __mspabi_srli_9               
0000e6b8  __mspabi_srli_8               
0000e6bc  __mspabi_srli_7               
0000e6c0  __mspabi_srli_6               
0000e6c4  __mspabi_srli_5               
0000e6c8  __mspabi_srli_4               
0000e6cc  __mspabi_srli_3               
0000e6d0  __mspabi_srli_2               
0000e6d4  __mspabi_srli_1               
0000e6da  __mspabi_srall                
0000e724  xunji_Init                    
0000e76e  __mspabi_srlll                
0000e7b4  __mspabi_sllll                
0000e7f8  __TI_auto_init_nobinit_nopinit
0000e83a  __mspabi_sral_15              
0000e83e  __mspabi_sral_14              
0000e842  __mspabi_sral_13              
0000e846  __mspabi_sral_12              
0000e84a  __mspabi_sral_11              
0000e84e  __mspabi_sral_10              
0000e852  __mspabi_sral_9               
0000e856  __mspabi_sral_8               
0000e85a  __mspabi_sral_7               
0000e85e  __mspabi_sral_6               
0000e862  __mspabi_sral_5               
0000e866  __mspabi_sral_4               
0000e86a  __mspabi_sral_3               
0000e86e  __mspabi_sral_2               
0000e872  __mspabi_sral_1               
0000e878  __mspabi_slll_15              
0000e87c  __mspabi_slll_14              
0000e880  __mspabi_slll_13              
0000e884  __mspabi_slll_12              
0000e888  __mspabi_slll_11              
0000e88c  __mspabi_slll_10              
0000e890  __mspabi_slll_9               
0000e894  __mspabi_slll_8               
0000e898  __mspabi_slll_7               
0000e89c  __mspabi_slll_6               
0000e8a0  __mspabi_slll_5               
0000e8a4  __mspabi_slll_4               
0000e8a8  __mspabi_slll_3               
0000e8ac  __mspabi_slll_2               
0000e8b0  __mspabi_slll_1               
0000e8b6  PWM_init                      
0000e8ee  motor_init                    
0000e920  uart_init                     
0000e952  __mspabi_subd                 
0000e980  send_15us                     
0000e9ae  __mspabi_srai                 
0000e9ba  __mspabi_srai_15              
0000e9bc  __mspabi_srai_14              
0000e9be  __mspabi_srai_13              
0000e9c0  __mspabi_srai_12              
0000e9c2  __mspabi_srai_11              
0000e9c4  __mspabi_srai_10              
0000e9c6  __mspabi_srai_9               
0000e9c8  __mspabi_srai_8               
0000e9ca  __mspabi_srai_7               
0000e9cc  __mspabi_srai_6               
0000e9ce  __mspabi_srai_5               
0000e9d0  __mspabi_srai_4               
0000e9d2  __mspabi_srai_3               
0000e9d4  __mspabi_srai_2               
0000e9d6  __mspabi_srai_1               
0000e9da  __mspabi_divi                 
0000e9da  __mspabi_remi                 
0000ea06  __mspabi_slli                 
0000ea12  __mspabi_slli_15              
0000ea14  __mspabi_slli_14              
0000ea16  __mspabi_slli_13              
0000ea18  __mspabi_slli_12              
0000ea1a  __mspabi_slli_11              
0000ea1c  __mspabi_slli_10              
0000ea1e  __mspabi_slli_9               
0000ea20  __mspabi_slli_8               
0000ea22  __mspabi_slli_7               
0000ea24  __mspabi_slli_6               
0000ea26  __mspabi_slli_5               
0000ea28  __mspabi_slli_4               
0000ea2a  __mspabi_slli_3               
0000ea2c  __mspabi_slli_2               
0000ea2e  __mspabi_slli_1               
0000ea32  __mspabi_fixdi                
0000ea5a  distance_init                 
0000ea82  back1                         
0000eaa8  back2                         
0000eace  __mspabi_mpyl                 
0000eace  __mspabi_mpyl_sw              
0000eaf4  run1                          
0000eb1a  run2                          
0000eb40  run3                          
0000eb66  run5                          
0000eb8c  turnleftbig1                  
0000ebb2  turnleftbig2                  
0000ebd8  turnleftbig3                  
0000ebfe  turnleftbig5                  
0000ec24  turnleftsmall1                
0000ec4a  turnleftsmall2                
0000ec70  turnleftsmall3                
0000ec96  turnleftsmall5                
0000ecbc  turnrightbig1                 
0000ece2  turnrightbig2                 
0000ed08  turnrightbig3                 
0000ed2e  turnrightbig5                 
0000ed54  turnrightsmall1               
0000ed7a  turnrightsmall2               
0000eda0  turnrightsmall3               
0000edc6  turnrightsmall5               
0000edec  __mspabi_mpyul                
0000edec  __mspabi_mpyul_sw             
0000ee0e  __mspabi_mpyull               
0000ee0e  __mspabi_mpyull_sw            
0000ee2c  _c_int00_noargs               
0000ee48  stop                          
0000ee62  __mspabi_divu                 
0000ee62  __mspabi_remu                 
0000ee78  __TI_zero_init_nomemset       
0000ee8c  __TI_decompress_none          
0000ee9e  __mspabi_srll                 
0000eeb0  led_init                      
0000eec2  memcpy                        
0000eed4  __mspabi_func_epilog_7        
0000eed6  __mspabi_func_epilog_6        
0000eed8  __mspabi_func_epilog_5        
0000eeda  __mspabi_func_epilog_4        
0000eedc  __mspabi_func_epilog_3        
0000eede  __mspabi_func_epilog_2        
0000eee0  __mspabi_func_epilog_1        
0000eee4  Limit_Pwm                     
0000eef2  __TI_ISR_TRAP                 
0000eefa  __mspabi_fltud                
0000ef00  C$$EXIT                       
0000ef00  abort                         
0000ef06  _system_pre_init              
0000ef0a  _system_post_cinit            
0000ef46  __TI_Handler_Table_Base       
0000ef4c  __TI_Handler_Table_Limit      
0000ef50  __TI_CINIT_Base               
0000ef58  __TI_CINIT_Limit              
0000ef58  __TI_CINIT_Warm               
0000ffe0  __TI_int00                    
0000ffe4  __TI_int02                    
0000ffe6  __TI_int03                    
0000ffea  __TI_int05                    
0000ffec  __TI_int06                    
0000ffee  __TI_int07                    
0000fff0  __TI_int08                    
0000fff2  __TI_int09                    
0000fff4  __TI_int10                    
0000fff6  __TI_int11                    
0000fff8  __TI_int12                    
0000fffa  __TI_int13                    
0000fffc  __TI_int14                    
0000fffe  _reset_vector                 
ffffffff  __TI_pprof_out_hndl           
ffffffff  __TI_prof_data_size           
ffffffff  __TI_prof_data_start          
ffffffff  __c_args__                    

[325 symbols]
