<?xml version="1.0" encoding="ISO-8859-1" ?>
<link_info>
   <banner>MSP430 Linker PC v21.6.0.LTS</banner>
   <copyright>Copyright (c) 2003-2018 Texas Instruments Incorporated</copyright>
   <link_time>0x62e506f9</link_time>
   <link_errors>0x0</link_errors>
   <output_file>car2.out</output_file>
   <entry_point>
      <name>_c_int00_noargs</name>
      <address>0xee2c</address>
   </entry_point>
   <input_file_list>
      <input_file id="fl-2">
         <path>.\src\</path>
         <kind>object</kind>
         <file>PID.obj</file>
         <name>PID.obj</name>
      </input_file>
      <input_file id="fl-3">
         <path>.\src\</path>
         <kind>object</kind>
         <file>car.obj</file>
         <name>car.obj</name>
      </input_file>
      <input_file id="fl-4">
         <path>.\src\</path>
         <kind>object</kind>
         <file>distance.obj</file>
         <name>distance.obj</name>
      </input_file>
      <input_file id="fl-5">
         <path>.\src\</path>
         <kind>object</kind>
         <file>led.obj</file>
         <name>led.obj</name>
      </input_file>
      <input_file id="fl-6">
         <path>.\src\</path>
         <kind>object</kind>
         <file>main.obj</file>
         <name>main.obj</name>
      </input_file>
      <input_file id="fl-7">
         <path>.\src\</path>
         <kind>object</kind>
         <file>uart.obj</file>
         <name>uart.obj</name>
      </input_file>
      <input_file id="fl-8">
         <path>.\src\</path>
         <kind>object</kind>
         <file>xunji.obj</file>
         <name>xunji.obj</name>
      </input_file>
      <input_file id="fl-d">
         <kind>object</kind>
         <file>&lt;internal&gt;</file>
         <name>&lt;internal&gt;</name>
      </input_file>
      <input_file id="fl-23">
         <path>E:\ccs1200\ccs\tools\compiler\ti-cgt-msp430_21.6.0.LTS\lib\</path>
         <kind>archive</kind>
         <file>rts430_eabi.lib</file>
         <name>div16s.asm.obj</name>
      </input_file>
      <input_file id="fl-24">
         <path>E:\ccs1200\ccs\tools\compiler\ti-cgt-msp430_21.6.0.LTS\lib\</path>
         <kind>archive</kind>
         <file>rts430_eabi.lib</file>
         <name>div16u.asm.obj</name>
      </input_file>
      <input_file id="fl-25">
         <path>E:\ccs1200\ccs\tools\compiler\ti-cgt-msp430_21.6.0.LTS\lib\</path>
         <kind>archive</kind>
         <file>rts430_eabi.lib</file>
         <name>epilog.asm.obj</name>
      </input_file>
      <input_file id="fl-26">
         <path>E:\ccs1200\ccs\tools\compiler\ti-cgt-msp430_21.6.0.LTS\lib\</path>
         <kind>archive</kind>
         <file>rts430_eabi.lib</file>
         <name>fs_add.asm.obj</name>
      </input_file>
      <input_file id="fl-27">
         <path>E:\ccs1200\ccs\tools\compiler\ti-cgt-msp430_21.6.0.LTS\lib\</path>
         <kind>archive</kind>
         <file>rts430_eabi.lib</file>
         <name>fs_mpy.asm.obj</name>
      </input_file>
      <input_file id="fl-28">
         <path>E:\ccs1200\ccs\tools\compiler\ti-cgt-msp430_21.6.0.LTS\lib\</path>
         <kind>archive</kind>
         <file>rts430_eabi.lib</file>
         <name>int00.asm.obj</name>
      </input_file>
      <input_file id="fl-29">
         <path>E:\ccs1200\ccs\tools\compiler\ti-cgt-msp430_21.6.0.LTS\lib\</path>
         <kind>archive</kind>
         <file>rts430_eabi.lib</file>
         <name>int02.asm.obj</name>
      </input_file>
      <input_file id="fl-2a">
         <path>E:\ccs1200\ccs\tools\compiler\ti-cgt-msp430_21.6.0.LTS\lib\</path>
         <kind>archive</kind>
         <file>rts430_eabi.lib</file>
         <name>int03.asm.obj</name>
      </input_file>
      <input_file id="fl-2b">
         <path>E:\ccs1200\ccs\tools\compiler\ti-cgt-msp430_21.6.0.LTS\lib\</path>
         <kind>archive</kind>
         <file>rts430_eabi.lib</file>
         <name>int05.asm.obj</name>
      </input_file>
      <input_file id="fl-2c">
         <path>E:\ccs1200\ccs\tools\compiler\ti-cgt-msp430_21.6.0.LTS\lib\</path>
         <kind>archive</kind>
         <file>rts430_eabi.lib</file>
         <name>int06.asm.obj</name>
      </input_file>
      <input_file id="fl-2d">
         <path>E:\ccs1200\ccs\tools\compiler\ti-cgt-msp430_21.6.0.LTS\lib\</path>
         <kind>archive</kind>
         <file>rts430_eabi.lib</file>
         <name>int09.asm.obj</name>
      </input_file>
      <input_file id="fl-2e">
         <path>E:\ccs1200\ccs\tools\compiler\ti-cgt-msp430_21.6.0.LTS\lib\</path>
         <kind>archive</kind>
         <file>rts430_eabi.lib</file>
         <name>int10.asm.obj</name>
      </input_file>
      <input_file id="fl-2f">
         <path>E:\ccs1200\ccs\tools\compiler\ti-cgt-msp430_21.6.0.LTS\lib\</path>
         <kind>archive</kind>
         <file>rts430_eabi.lib</file>
         <name>int11.asm.obj</name>
      </input_file>
      <input_file id="fl-30">
         <path>E:\ccs1200\ccs\tools\compiler\ti-cgt-msp430_21.6.0.LTS\lib\</path>
         <kind>archive</kind>
         <file>rts430_eabi.lib</file>
         <name>int12.asm.obj</name>
      </input_file>
      <input_file id="fl-31">
         <path>E:\ccs1200\ccs\tools\compiler\ti-cgt-msp430_21.6.0.LTS\lib\</path>
         <kind>archive</kind>
         <file>rts430_eabi.lib</file>
         <name>int13.asm.obj</name>
      </input_file>
      <input_file id="fl-32">
         <path>E:\ccs1200\ccs\tools\compiler\ti-cgt-msp430_21.6.0.LTS\lib\</path>
         <kind>archive</kind>
         <file>rts430_eabi.lib</file>
         <name>int14.asm.obj</name>
      </input_file>
      <input_file id="fl-33">
         <path>E:\ccs1200\ccs\tools\compiler\ti-cgt-msp430_21.6.0.LTS\lib\</path>
         <kind>archive</kind>
         <file>rts430_eabi.lib</file>
         <name>isr_trap.asm.obj</name>
      </input_file>
      <input_file id="fl-34">
         <path>E:\ccs1200\ccs\tools\compiler\ti-cgt-msp430_21.6.0.LTS\lib\</path>
         <kind>archive</kind>
         <file>rts430_eabi.lib</file>
         <name>boot.c.obj</name>
      </input_file>
      <input_file id="fl-35">
         <path>E:\ccs1200\ccs\tools\compiler\ti-cgt-msp430_21.6.0.LTS\lib\</path>
         <kind>archive</kind>
         <file>rts430_eabi.lib</file>
         <name>autoinit.c.obj</name>
      </input_file>
      <input_file id="fl-36">
         <path>E:\ccs1200\ccs\tools\compiler\ti-cgt-msp430_21.6.0.LTS\lib\</path>
         <kind>archive</kind>
         <file>rts430_eabi.lib</file>
         <name>copy_zero_init.c.obj</name>
      </input_file>
      <input_file id="fl-37">
         <path>E:\ccs1200\ccs\tools\compiler\ti-cgt-msp430_21.6.0.LTS\lib\</path>
         <kind>archive</kind>
         <file>rts430_eabi.lib</file>
         <name>cpy_tbl.c.obj</name>
      </input_file>
      <input_file id="fl-38">
         <path>E:\ccs1200\ccs\tools\compiler\ti-cgt-msp430_21.6.0.LTS\lib\</path>
         <kind>archive</kind>
         <file>rts430_eabi.lib</file>
         <name>mpu_init.c.obj</name>
      </input_file>
      <input_file id="fl-39">
         <path>E:\ccs1200\ccs\tools\compiler\ti-cgt-msp430_21.6.0.LTS\lib\</path>
         <kind>archive</kind>
         <file>rts430_eabi.lib</file>
         <name>pre_init.c.obj</name>
      </input_file>
      <input_file id="fl-3a">
         <path>E:\ccs1200\ccs\tools\compiler\ti-cgt-msp430_21.6.0.LTS\lib\</path>
         <kind>archive</kind>
         <file>rts430_eabi.lib</file>
         <name>startup.c.obj</name>
      </input_file>
      <input_file id="fl-3b">
         <path>E:\ccs1200\ccs\tools\compiler\ti-cgt-msp430_21.6.0.LTS\lib\</path>
         <kind>archive</kind>
         <file>rts430_eabi.lib</file>
         <name>copy_decompress_none.c.obj</name>
      </input_file>
      <input_file id="fl-3c">
         <path>E:\ccs1200\ccs\tools\compiler\ti-cgt-msp430_21.6.0.LTS\lib\</path>
         <kind>archive</kind>
         <file>rts430_eabi.lib</file>
         <name>copy_decompress_lzss.c.obj</name>
      </input_file>
      <input_file id="fl-3d">
         <path>E:\ccs1200\ccs\tools\compiler\ti-cgt-msp430_21.6.0.LTS\lib\</path>
         <kind>archive</kind>
         <file>rts430_eabi.lib</file>
         <name>cmpd.c.obj</name>
      </input_file>
      <input_file id="fl-3e">
         <path>E:\ccs1200\ccs\tools\compiler\ti-cgt-msp430_21.6.0.LTS\lib\</path>
         <kind>archive</kind>
         <file>rts430_eabi.lib</file>
         <name>cvtfd.c.obj</name>
      </input_file>
      <input_file id="fl-3f">
         <path>E:\ccs1200\ccs\tools\compiler\ti-cgt-msp430_21.6.0.LTS\lib\</path>
         <kind>archive</kind>
         <file>rts430_eabi.lib</file>
         <name>fixdi.c.obj</name>
      </input_file>
      <input_file id="fl-40">
         <path>E:\ccs1200\ccs\tools\compiler\ti-cgt-msp430_21.6.0.LTS\lib\</path>
         <kind>archive</kind>
         <file>rts430_eabi.lib</file>
         <name>fixdli.c.obj</name>
      </input_file>
      <input_file id="fl-41">
         <path>E:\ccs1200\ccs\tools\compiler\ti-cgt-msp430_21.6.0.LTS\lib\</path>
         <kind>archive</kind>
         <file>rts430_eabi.lib</file>
         <name>fltud.c.obj</name>
      </input_file>
      <input_file id="fl-42">
         <path>E:\ccs1200\ccs\tools\compiler\ti-cgt-msp430_21.6.0.LTS\lib\</path>
         <kind>archive</kind>
         <file>rts430_eabi.lib</file>
         <name>fltuld.c.obj</name>
      </input_file>
      <input_file id="fl-43">
         <path>E:\ccs1200\ccs\tools\compiler\ti-cgt-msp430_21.6.0.LTS\lib\</path>
         <kind>archive</kind>
         <file>rts430_eabi.lib</file>
         <name>mpyd.c.obj</name>
      </input_file>
      <input_file id="fl-44">
         <path>E:\ccs1200\ccs\tools\compiler\ti-cgt-msp430_21.6.0.LTS\lib\</path>
         <kind>archive</kind>
         <file>rts430_eabi.lib</file>
         <name>subd.c.obj</name>
      </input_file>
      <input_file id="fl-45">
         <path>E:\ccs1200\ccs\tools\compiler\ti-cgt-msp430_21.6.0.LTS\lib\</path>
         <kind>archive</kind>
         <file>rts430_eabi.lib</file>
         <name>cvtdf.c.obj</name>
      </input_file>
      <input_file id="fl-46">
         <path>E:\ccs1200\ccs\tools\compiler\ti-cgt-msp430_21.6.0.LTS\lib\</path>
         <kind>archive</kind>
         <file>rts430_eabi.lib</file>
         <name>exit.c.obj</name>
      </input_file>
      <input_file id="fl-47">
         <path>E:\ccs1200\ccs\tools\compiler\ti-cgt-msp430_21.6.0.LTS\lib\</path>
         <kind>archive</kind>
         <file>rts430_eabi.lib</file>
         <name>_lock.c.obj</name>
      </input_file>
      <input_file id="fl-48">
         <path>E:\ccs1200\ccs\tools\compiler\ti-cgt-msp430_21.6.0.LTS\lib\</path>
         <kind>archive</kind>
         <file>rts430_eabi.lib</file>
         <name>args_main.c.obj</name>
      </input_file>
      <input_file id="fl-49">
         <path>E:\ccs1200\ccs\tools\compiler\ti-cgt-msp430_21.6.0.LTS\lib\</path>
         <kind>archive</kind>
         <file>rts430_eabi.lib</file>
         <name>memcpy.c.obj</name>
      </input_file>
      <input_file id="fl-4a">
         <path>E:\ccs1200\ccs\tools\compiler\ti-cgt-msp430_21.6.0.LTS\lib\</path>
         <kind>archive</kind>
         <file>rts430_eabi.lib</file>
         <name>asr16.asm.obj</name>
      </input_file>
      <input_file id="fl-4b">
         <path>E:\ccs1200\ccs\tools\compiler\ti-cgt-msp430_21.6.0.LTS\lib\</path>
         <kind>archive</kind>
         <file>rts430_eabi.lib</file>
         <name>asr32.asm.obj</name>
      </input_file>
      <input_file id="fl-4c">
         <path>E:\ccs1200\ccs\tools\compiler\ti-cgt-msp430_21.6.0.LTS\lib\</path>
         <kind>archive</kind>
         <file>rts430_eabi.lib</file>
         <name>lsl16.asm.obj</name>
      </input_file>
      <input_file id="fl-4d">
         <path>E:\ccs1200\ccs\tools\compiler\ti-cgt-msp430_21.6.0.LTS\lib\</path>
         <kind>archive</kind>
         <file>rts430_eabi.lib</file>
         <name>lsl32.asm.obj</name>
      </input_file>
      <input_file id="fl-4e">
         <path>E:\ccs1200\ccs\tools\compiler\ti-cgt-msp430_21.6.0.LTS\lib\</path>
         <kind>archive</kind>
         <file>rts430_eabi.lib</file>
         <name>lsr16.asm.obj</name>
      </input_file>
      <input_file id="fl-4f">
         <path>E:\ccs1200\ccs\tools\compiler\ti-cgt-msp430_21.6.0.LTS\lib\</path>
         <kind>archive</kind>
         <file>rts430_eabi.lib</file>
         <name>lsr32.asm.obj</name>
      </input_file>
      <input_file id="fl-50">
         <path>E:\ccs1200\ccs\tools\compiler\ti-cgt-msp430_21.6.0.LTS\lib\</path>
         <kind>archive</kind>
         <file>rts430_eabi.lib</file>
         <name>mult16.asm.obj</name>
      </input_file>
      <input_file id="fl-51">
         <path>E:\ccs1200\ccs\tools\compiler\ti-cgt-msp430_21.6.0.LTS\lib\</path>
         <kind>archive</kind>
         <file>rts430_eabi.lib</file>
         <name>exit_gvars.c.obj</name>
      </input_file>
      <input_file id="fl-52">
         <path>E:\ccs1200\ccs\tools\compiler\ti-cgt-msp430_21.6.0.LTS\lib\</path>
         <kind>archive</kind>
         <file>rts430_eabi.lib</file>
         <name>lsr64.c.obj</name>
      </input_file>
      <input_file id="fl-53">
         <path>E:\ccs1200\ccs\tools\compiler\ti-cgt-msp430_21.6.0.LTS\lib\</path>
         <kind>archive</kind>
         <file>rts430_eabi.lib</file>
         <name>addd.c.obj</name>
      </input_file>
      <input_file id="fl-54">
         <path>E:\ccs1200\ccs\tools\compiler\ti-cgt-msp430_21.6.0.LTS\lib\</path>
         <kind>archive</kind>
         <file>rts430_eabi.lib</file>
         <name>frcmpyd.c.obj</name>
      </input_file>
      <input_file id="fl-55">
         <path>E:\ccs1200\ccs\tools\compiler\ti-cgt-msp430_21.6.0.LTS\lib\</path>
         <kind>archive</kind>
         <file>rts430_eabi.lib</file>
         <name>mult3264.asm.obj</name>
      </input_file>
      <input_file id="fl-56">
         <path>E:\ccs1200\ccs\tools\compiler\ti-cgt-msp430_21.6.0.LTS\lib\</path>
         <kind>archive</kind>
         <file>rts430_eabi.lib</file>
         <name>mult64.asm.obj</name>
      </input_file>
      <input_file id="fl-57">
         <path>E:\ccs1200\ccs\tools\compiler\ti-cgt-msp430_21.6.0.LTS\lib\</path>
         <kind>archive</kind>
         <file>rts430_eabi.lib</file>
         <name>asr64.c.obj</name>
      </input_file>
      <input_file id="fl-58">
         <path>E:\ccs1200\ccs\tools\compiler\ti-cgt-msp430_21.6.0.LTS\lib\</path>
         <kind>archive</kind>
         <file>rts430_eabi.lib</file>
         <name>lsl64.c.obj</name>
      </input_file>
      <input_file id="fl-59">
         <path>E:\ccs1200\ccs\tools\compiler\ti-cgt-msp430_21.6.0.LTS\lib\</path>
         <kind>archive</kind>
         <file>rts430_eabi.lib</file>
         <name>mult1632.asm.obj</name>
      </input_file>
      <input_file id="fl-5a">
         <path>E:\ccs1200\ccs\tools\compiler\ti-cgt-msp430_21.6.0.LTS\lib\</path>
         <kind>archive</kind>
         <file>rts430_eabi.lib</file>
         <name>mult32.asm.obj</name>
      </input_file>
   </input_file_list>
   <object_component_list>
      <object_component id="oc-40c">
         <name>.bss</name>
         <uninitialized>true</uninitialized>
         <run_address>0x220</run_address>
         <size>0x8</size>
         <input_file_ref idref="fl-2"/>
      </object_component>
      <object_component id="oc-312">
         <name>.bss</name>
         <uninitialized>true</uninitialized>
         <run_address>0x230</run_address>
         <size>0x4</size>
         <input_file_ref idref="fl-8"/>
      </object_component>
      <object_component id="oc-157">
         <name>.common:result1_start</name>
         <uninitialized>true</uninitialized>
         <run_address>0x238</run_address>
         <size>0x2</size>
      </object_component>
      <object_component id="oc-154">
         <name>.common:result1_end</name>
         <uninitialized>true</uninitialized>
         <run_address>0x236</run_address>
         <size>0x2</size>
      </object_component>
      <object_component id="oc-15b">
         <name>.common:temp</name>
         <uninitialized>true</uninitialized>
         <run_address>0x23a</run_address>
         <size>0x2</size>
      </object_component>
      <object_component id="oc-168">
         <name>.common:distance</name>
         <uninitialized>true</uninitialized>
         <run_address>0x228</run_address>
         <size>0x8</size>
      </object_component>
      <object_component id="oc-3b5">
         <name>.common:deta_pwm</name>
         <uninitialized>true</uninitialized>
         <run_address>0x234</run_address>
         <size>0x2</size>
      </object_component>
      <object_component id="oc-158">
         <name>.data</name>
         <load_address>0x21e</load_address>
         <run_address>0x21e</run_address>
         <size>0x1</size>
         <input_file_ref idref="fl-4"/>
      </object_component>
      <object_component id="oc-204">
         <name>.data</name>
         <load_address>0x214</load_address>
         <run_address>0x214</run_address>
         <size>0x8</size>
         <input_file_ref idref="fl-6"/>
      </object_component>
      <object_component id="oc-146">
         <name>.data:combuff</name>
         <load_address>0x200</load_address>
         <run_address>0x200</run_address>
         <size>0x14</size>
         <input_file_ref idref="fl-7"/>
      </object_component>
      <object_component id="oc-143">
         <name>.data</name>
         <load_address>0x21c</load_address>
         <run_address>0x21c</run_address>
         <size>0x2</size>
         <input_file_ref idref="fl-7"/>
      </object_component>
      <object_component id="oc-b1">
         <name>.stack</name>
         <uninitialized>true</uninitialized>
         <run_address>0x3b0</run_address>
         <size>0x2</size>
         <input_file_ref idref="fl-34"/>
      </object_component>
      <object_component id="oc-4a9">
         <name>.stack</name>
         <uninitialized>true</uninitialized>
         <run_address>0x3b0</run_address>
         <size>0x0</size>
      </object_component>
      <object_component id="oc-443">
         <name>.text:__mspabi_addd</name>
         <load_address>0xc000</load_address>
         <run_address>0xc000</run_address>
         <size>0x736</size>
         <input_file_ref idref="fl-53"/>
      </object_component>
      <object_component id="oc-21f">
         <name>.text:xunji3_detect</name>
         <load_address>0xc736</load_address>
         <run_address>0xc736</run_address>
         <size>0x51e</size>
         <input_file_ref idref="fl-8"/>
      </object_component>
      <object_component id="oc-162">
         <name>.text:__mspabi_mpyd</name>
         <load_address>0xcc54</load_address>
         <run_address>0xcc54</run_address>
         <size>0x2c0</size>
         <input_file_ref idref="fl-43"/>
      </object_component>
      <object_component id="oc-207">
         <name>.text:xunji1_detect</name>
         <load_address>0xcf14</load_address>
         <run_address>0xcf14</run_address>
         <size>0x234</size>
         <input_file_ref idref="fl-8"/>
      </object_component>
      <object_component id="oc-213">
         <name>.text:xunji2_detect</name>
         <load_address>0xd148</load_address>
         <run_address>0xd148</run_address>
         <size>0x234</size>
         <input_file_ref idref="fl-8"/>
      </object_component>
      <object_component id="oc-231">
         <name>.text:xunji4_detect</name>
         <load_address>0xd37c</load_address>
         <run_address>0xd37c</run_address>
         <size>0x234</size>
         <input_file_ref idref="fl-8"/>
      </object_component>
      <object_component id="oc-1c3">
         <name>.text:__TI_frcmpyd</name>
         <load_address>0xd5b0</load_address>
         <run_address>0xd5b0</run_address>
         <size>0x172</size>
         <input_file_ref idref="fl-54"/>
      </object_component>
      <object_component id="oc-407">
         <name>.text</name>
         <load_address>0xd722</load_address>
         <run_address>0xd722</run_address>
         <size>0x132</size>
         <input_file_ref idref="fl-26"/>
      </object_component>
      <object_component id="oc-29a">
         <name>.text:__mpyll</name>
         <load_address>0xd854</load_address>
         <run_address>0xd854</run_address>
         <size>0x114</size>
         <input_file_ref idref="fl-56"/>
      </object_component>
      <object_component id="oc-3af">
         <name>.text:get_pid</name>
         <load_address>0xd968</load_address>
         <run_address>0xd968</run_address>
         <size>0xfa</size>
         <input_file_ref idref="fl-2"/>
      </object_component>
      <object_component id="oc-e7">
         <name>.text:TAIV_ISR</name>
         <load_address>0xda62</load_address>
         <run_address>0xda62</run_address>
         <size>0xf6</size>
         <input_file_ref idref="fl-4"/>
      </object_component>
      <object_component id="oc-169">
         <name>.text:__mspabi_cmpd</name>
         <load_address>0xdb58</load_address>
         <run_address>0xdb58</run_address>
         <size>0xdc</size>
         <input_file_ref idref="fl-3d"/>
      </object_component>
      <object_component id="oc-17e">
         <name>.text:main</name>
         <load_address>0xdc34</load_address>
         <run_address>0xdc34</run_address>
         <size>0xce</size>
         <input_file_ref idref="fl-6"/>
      </object_component>
      <object_component id="oc-219">
         <name>.text:motorrun2</name>
         <load_address>0xdd02</load_address>
         <run_address>0xdd02</run_address>
         <size>0xc8</size>
         <input_file_ref idref="fl-3"/>
      </object_component>
      <object_component id="oc-413">
         <name>.text</name>
         <load_address>0xddca</load_address>
         <run_address>0xddca</run_address>
         <size>0xc4</size>
         <input_file_ref idref="fl-27"/>
      </object_component>
      <object_component id="oc-225">
         <name>.text:motorrun5</name>
         <load_address>0xde8e</load_address>
         <run_address>0xde8e</run_address>
         <size>0xbc</size>
         <input_file_ref idref="fl-3"/>
      </object_component>
      <object_component id="oc-20d">
         <name>.text:motorrun1</name>
         <load_address>0xdf4a</load_address>
         <run_address>0xdf4a</run_address>
         <size>0xba</size>
         <input_file_ref idref="fl-3"/>
      </object_component>
      <object_component id="oc-22b">
         <name>.text:motorrun3</name>
         <load_address>0xe004</load_address>
         <run_address>0xe004</run_address>
         <size>0xba</size>
         <input_file_ref idref="fl-3"/>
      </object_component>
      <object_component id="oc-3a9">
         <name>.text:__mspabi_cvtdf</name>
         <load_address>0xe0be</load_address>
         <run_address>0xe0be</run_address>
         <size>0xb4</size>
         <input_file_ref idref="fl-45"/>
      </object_component>
      <object_component id="oc-1b7">
         <name>.text:__mspabi_fltuld</name>
         <load_address>0xe172</load_address>
         <run_address>0xe172</run_address>
         <size>0x8a</size>
         <input_file_ref idref="fl-42"/>
      </object_component>
      <object_component id="oc-1fe">
         <name>.text:uart_detect</name>
         <load_address>0xe1fc</load_address>
         <run_address>0xe1fc</run_address>
         <size>0x84</size>
         <input_file_ref idref="fl-7"/>
      </object_component>
      <object_component id="oc-2bb">
         <name>.text:run_pid1</name>
         <load_address>0xe280</load_address>
         <run_address>0xe280</run_address>
         <size>0x7e</size>
         <input_file_ref idref="fl-3"/>
      </object_component>
      <object_component id="oc-2e7">
         <name>.text:run_pid2</name>
         <load_address>0xe2fe</load_address>
         <run_address>0xe2fe</run_address>
         <size>0x7e</size>
         <input_file_ref idref="fl-3"/>
      </object_component>
      <object_component id="oc-339">
         <name>.text:run_pid3</name>
         <load_address>0xe37c</load_address>
         <run_address>0xe37c</run_address>
         <size>0x7e</size>
         <input_file_ref idref="fl-3"/>
      </object_component>
      <object_component id="oc-314">
         <name>.text:run_pid5</name>
         <load_address>0xe3fa</load_address>
         <run_address>0xe3fa</run_address>
         <size>0x7e</size>
         <input_file_ref idref="fl-3"/>
      </object_component>
      <object_component id="oc-34">
         <name>.text:decompress:lzss:__TI_decompress_lzss</name>
         <load_address>0xe478</load_address>
         <run_address>0xe478</run_address>
         <size>0x7c</size>
         <input_file_ref idref="fl-3c"/>
      </object_component>
      <object_component id="oc-44a">
         <name>.text:__mspabi_fixdli</name>
         <load_address>0xe4f4</load_address>
         <run_address>0xe4f4</run_address>
         <size>0x72</size>
         <input_file_ref idref="fl-40"/>
      </object_component>
      <object_component id="oc-40d">
         <name>.text:__mspabi_cvtfd</name>
         <load_address>0xe566</load_address>
         <run_address>0xe566</run_address>
         <size>0x70</size>
         <input_file_ref idref="fl-3e"/>
      </object_component>
      <object_component id="oc-e1">
         <name>.text:UART_Receive_ISR</name>
         <load_address>0xe5d6</load_address>
         <run_address>0xe5d6</run_address>
         <size>0x5c</size>
         <input_file_ref idref="fl-7"/>
      </object_component>
      <object_component id="oc-28c">
         <name>.text:l_lsr_const</name>
         <load_address>0xe632</load_address>
         <run_address>0xe632</run_address>
         <size>0x5c</size>
         <input_file_ref idref="fl-4f"/>
      </object_component>
      <object_component id="oc-ba">
         <name>.text</name>
         <load_address>0xe68e</load_address>
         <run_address>0xe68e</run_address>
         <size>0x4c</size>
         <input_file_ref idref="fl-4e"/>
      </object_component>
      <object_component id="oc-454">
         <name>.text:__mspabi_srall</name>
         <load_address>0xe6da</load_address>
         <run_address>0xe6da</run_address>
         <size>0x4a</size>
         <input_file_ref idref="fl-57"/>
      </object_component>
      <object_component id="oc-1e6">
         <name>.text:xunji_Init</name>
         <load_address>0xe724</load_address>
         <run_address>0xe724</run_address>
         <size>0x4a</size>
         <input_file_ref idref="fl-8"/>
      </object_component>
      <object_component id="oc-2a4">
         <name>.text:__mspabi_srlll</name>
         <load_address>0xe76e</load_address>
         <run_address>0xe76e</run_address>
         <size>0x46</size>
         <input_file_ref idref="fl-52"/>
      </object_component>
      <object_component id="oc-294">
         <name>.text:__mspabi_sllll</name>
         <load_address>0xe7b4</load_address>
         <run_address>0xe7b4</run_address>
         <size>0x44</size>
         <input_file_ref idref="fl-58"/>
      </object_component>
      <object_component id="oc-24a">
         <name>.text:__TI_auto_init_nobinit_nopinit:__TI_auto_init_nobinit_nopinit</name>
         <load_address>0xe7f8</load_address>
         <run_address>0xe7f8</run_address>
         <size>0x42</size>
         <input_file_ref idref="fl-35"/>
      </object_component>
      <object_component id="oc-436">
         <name>.text:l_asr_const</name>
         <load_address>0xe83a</load_address>
         <run_address>0xe83a</run_address>
         <size>0x3e</size>
         <input_file_ref idref="fl-4b"/>
      </object_component>
      <object_component id="oc-287">
         <name>.text:l_lsl_const</name>
         <load_address>0xe878</load_address>
         <run_address>0xe878</run_address>
         <size>0x3e</size>
         <input_file_ref idref="fl-4d"/>
      </object_component>
      <object_component id="oc-1e0">
         <name>.text:PWM_init</name>
         <load_address>0xe8b6</load_address>
         <run_address>0xe8b6</run_address>
         <size>0x38</size>
         <input_file_ref idref="fl-3"/>
      </object_component>
      <object_component id="oc-1da">
         <name>.text:motor_init</name>
         <load_address>0xe8ee</load_address>
         <run_address>0xe8ee</run_address>
         <size>0x32</size>
         <input_file_ref idref="fl-3"/>
      </object_component>
      <object_component id="oc-1f2">
         <name>.text:uart_init</name>
         <load_address>0xe920</load_address>
         <run_address>0xe920</run_address>
         <size>0x32</size>
         <input_file_ref idref="fl-7"/>
      </object_component>
      <object_component id="oc-418">
         <name>.text:__mspabi_subd</name>
         <load_address>0xe952</load_address>
         <run_address>0xe952</run_address>
         <size>0x2e</size>
         <input_file_ref idref="fl-44"/>
      </object_component>
      <object_component id="oc-1f8">
         <name>.text:send_15us</name>
         <load_address>0xe980</load_address>
         <run_address>0xe980</run_address>
         <size>0x2e</size>
         <input_file_ref idref="fl-4"/>
      </object_component>
      <object_component id="oc-1be">
         <name>.text</name>
         <load_address>0xe9ae</load_address>
         <run_address>0xe9ae</run_address>
         <size>0x2c</size>
         <input_file_ref idref="fl-4a"/>
      </object_component>
      <object_component id="oc-149">
         <name>.text</name>
         <load_address>0xe9da</load_address>
         <run_address>0xe9da</run_address>
         <size>0x2c</size>
         <input_file_ref idref="fl-23"/>
      </object_component>
      <object_component id="oc-b5">
         <name>.text</name>
         <load_address>0xea06</load_address>
         <run_address>0xea06</run_address>
         <size>0x2c</size>
         <input_file_ref idref="fl-4c"/>
      </object_component>
      <object_component id="oc-41e">
         <name>.text:__mspabi_fixdi</name>
         <load_address>0xea32</load_address>
         <run_address>0xea32</run_address>
         <size>0x28</size>
         <input_file_ref idref="fl-3f"/>
      </object_component>
      <object_component id="oc-1ec">
         <name>.text:distance_init</name>
         <load_address>0xea5a</load_address>
         <run_address>0xea5a</run_address>
         <size>0x28</size>
         <input_file_ref idref="fl-4"/>
      </object_component>
      <object_component id="oc-2c1">
         <name>.text:back1</name>
         <load_address>0xea82</load_address>
         <run_address>0xea82</run_address>
         <size>0x26</size>
         <input_file_ref idref="fl-3"/>
      </object_component>
      <object_component id="oc-2ed">
         <name>.text:back2</name>
         <load_address>0xeaa8</load_address>
         <run_address>0xeaa8</run_address>
         <size>0x26</size>
         <input_file_ref idref="fl-3"/>
      </object_component>
      <object_component id="oc-39a">
         <name>.text</name>
         <load_address>0xeace</load_address>
         <run_address>0xeace</run_address>
         <size>0x26</size>
         <input_file_ref idref="fl-5a"/>
      </object_component>
      <object_component id="oc-2c7">
         <name>.text:run1</name>
         <load_address>0xeaf4</load_address>
         <run_address>0xeaf4</run_address>
         <size>0x26</size>
         <input_file_ref idref="fl-3"/>
      </object_component>
      <object_component id="oc-2f3">
         <name>.text:run2</name>
         <load_address>0xeb1a</load_address>
         <run_address>0xeb1a</run_address>
         <size>0x26</size>
         <input_file_ref idref="fl-3"/>
      </object_component>
      <object_component id="oc-33f">
         <name>.text:run3</name>
         <load_address>0xeb40</load_address>
         <run_address>0xeb40</run_address>
         <size>0x26</size>
         <input_file_ref idref="fl-3"/>
      </object_component>
      <object_component id="oc-31a">
         <name>.text:run5</name>
         <load_address>0xeb66</load_address>
         <run_address>0xeb66</run_address>
         <size>0x26</size>
         <input_file_ref idref="fl-3"/>
      </object_component>
      <object_component id="oc-2d9">
         <name>.text:turnleftbig1</name>
         <load_address>0xeb8c</load_address>
         <run_address>0xeb8c</run_address>
         <size>0x26</size>
         <input_file_ref idref="fl-3"/>
      </object_component>
      <object_component id="oc-305">
         <name>.text:turnleftbig2</name>
         <load_address>0xebb2</load_address>
         <run_address>0xebb2</run_address>
         <size>0x26</size>
         <input_file_ref idref="fl-3"/>
      </object_component>
      <object_component id="oc-351">
         <name>.text:turnleftbig3</name>
         <load_address>0xebd8</load_address>
         <run_address>0xebd8</run_address>
         <size>0x26</size>
         <input_file_ref idref="fl-3"/>
      </object_component>
      <object_component id="oc-32c">
         <name>.text:turnleftbig5</name>
         <load_address>0xebfe</load_address>
         <run_address>0xebfe</run_address>
         <size>0x26</size>
         <input_file_ref idref="fl-3"/>
      </object_component>
      <object_component id="oc-2df">
         <name>.text:turnleftsmall1</name>
         <load_address>0xec24</load_address>
         <run_address>0xec24</run_address>
         <size>0x26</size>
         <input_file_ref idref="fl-3"/>
      </object_component>
      <object_component id="oc-30b">
         <name>.text:turnleftsmall2</name>
         <load_address>0xec4a</load_address>
         <run_address>0xec4a</run_address>
         <size>0x26</size>
         <input_file_ref idref="fl-3"/>
      </object_component>
      <object_component id="oc-357">
         <name>.text:turnleftsmall3</name>
         <load_address>0xec70</load_address>
         <run_address>0xec70</run_address>
         <size>0x26</size>
         <input_file_ref idref="fl-3"/>
      </object_component>
      <object_component id="oc-332">
         <name>.text:turnleftsmall5</name>
         <load_address>0xec96</load_address>
         <run_address>0xec96</run_address>
         <size>0x26</size>
         <input_file_ref idref="fl-3"/>
      </object_component>
      <object_component id="oc-2cd">
         <name>.text:turnrightbig1</name>
         <load_address>0xecbc</load_address>
         <run_address>0xecbc</run_address>
         <size>0x26</size>
         <input_file_ref idref="fl-3"/>
      </object_component>
      <object_component id="oc-2f9">
         <name>.text:turnrightbig2</name>
         <load_address>0xece2</load_address>
         <run_address>0xece2</run_address>
         <size>0x26</size>
         <input_file_ref idref="fl-3"/>
      </object_component>
      <object_component id="oc-345">
         <name>.text:turnrightbig3</name>
         <load_address>0xed08</load_address>
         <run_address>0xed08</run_address>
         <size>0x26</size>
         <input_file_ref idref="fl-3"/>
      </object_component>
      <object_component id="oc-320">
         <name>.text:turnrightbig5</name>
         <load_address>0xed2e</load_address>
         <run_address>0xed2e</run_address>
         <size>0x26</size>
         <input_file_ref idref="fl-3"/>
      </object_component>
      <object_component id="oc-2d3">
         <name>.text:turnrightsmall1</name>
         <load_address>0xed54</load_address>
         <run_address>0xed54</run_address>
         <size>0x26</size>
         <input_file_ref idref="fl-3"/>
      </object_component>
      <object_component id="oc-2ff">
         <name>.text:turnrightsmall2</name>
         <load_address>0xed7a</load_address>
         <run_address>0xed7a</run_address>
         <size>0x26</size>
         <input_file_ref idref="fl-3"/>
      </object_component>
      <object_component id="oc-34b">
         <name>.text:turnrightsmall3</name>
         <load_address>0xeda0</load_address>
         <run_address>0xeda0</run_address>
         <size>0x26</size>
         <input_file_ref idref="fl-3"/>
      </object_component>
      <object_component id="oc-326">
         <name>.text:turnrightsmall5</name>
         <load_address>0xedc6</load_address>
         <run_address>0xedc6</run_address>
         <size>0x26</size>
         <input_file_ref idref="fl-3"/>
      </object_component>
      <object_component id="oc-39f">
         <name>.text:__mpyul</name>
         <load_address>0xedec</load_address>
         <run_address>0xedec</run_address>
         <size>0x22</size>
         <input_file_ref idref="fl-59"/>
      </object_component>
      <object_component id="oc-29f">
         <name>.text:__mpyull</name>
         <load_address>0xee0e</load_address>
         <run_address>0xee0e</run_address>
         <size>0x1e</size>
         <input_file_ref idref="fl-55"/>
      </object_component>
      <object_component id="oc-ff">
         <name>.text:_c_int00_noargs</name>
         <load_address>0xee2c</load_address>
         <run_address>0xee2c</run_address>
         <size>0x1c</size>
         <input_file_ref idref="fl-34"/>
      </object_component>
      <object_component id="oc-237">
         <name>.text:stop</name>
         <load_address>0xee48</load_address>
         <run_address>0xee48</run_address>
         <size>0x1a</size>
         <input_file_ref idref="fl-3"/>
      </object_component>
      <object_component id="oc-1a8">
         <name>.text</name>
         <load_address>0xee62</load_address>
         <run_address>0xee62</run_address>
         <size>0x16</size>
         <input_file_ref idref="fl-24"/>
      </object_component>
      <object_component id="oc-ed">
         <name>.text:decompress:ZI:__TI_zero_init_nomemset:__TI_zero_init_nomemset</name>
         <load_address>0xee78</load_address>
         <run_address>0xee78</run_address>
         <size>0x14</size>
         <input_file_ref idref="fl-36"/>
      </object_component>
      <object_component id="oc-3a">
         <name>.text:decompress:none:__TI_decompress_none</name>
         <load_address>0xee8c</load_address>
         <run_address>0xee8c</run_address>
         <size>0x12</size>
         <input_file_ref idref="fl-3b"/>
      </object_component>
      <object_component id="oc-45c">
         <name>.text:l_lsr</name>
         <load_address>0xee9e</load_address>
         <run_address>0xee9e</run_address>
         <size>0x12</size>
         <input_file_ref idref="fl-4f"/>
      </object_component>
      <object_component id="oc-1d4">
         <name>.text:led_init</name>
         <load_address>0xeeb0</load_address>
         <run_address>0xeeb0</run_address>
         <size>0x12</size>
         <input_file_ref idref="fl-5"/>
      </object_component>
      <object_component id="oc-cf">
         <name>.text:memcpy</name>
         <load_address>0xeec2</load_address>
         <run_address>0xeec2</run_address>
         <size>0x12</size>
         <input_file_ref idref="fl-49"/>
      </object_component>
      <object_component id="oc-bf">
         <name>.text</name>
         <load_address>0xeed4</load_address>
         <run_address>0xeed4</run_address>
         <size>0x10</size>
         <input_file_ref idref="fl-25"/>
      </object_component>
      <object_component id="oc-3b6">
         <name>.text:Limit_Pwm</name>
         <load_address>0xeee4</load_address>
         <run_address>0xeee4</run_address>
         <size>0xe</size>
         <input_file_ref idref="fl-2"/>
      </object_component>
      <object_component id="oc-dc">
         <name>.text:_isr:__TI_ISR_TRAP</name>
         <load_address>0xeef2</load_address>
         <run_address>0xeef2</run_address>
         <size>0x8</size>
         <input_file_ref idref="fl-33"/>
      </object_component>
      <object_component id="oc-15c">
         <name>.text:__mspabi_fltud</name>
         <load_address>0xeefa</load_address>
         <run_address>0xeefa</run_address>
         <size>0x6</size>
         <input_file_ref idref="fl-41"/>
      </object_component>
      <object_component id="oc-23e">
         <name>.text:abort</name>
         <load_address>0xef00</load_address>
         <run_address>0xef00</run_address>
         <size>0x6</size>
         <input_file_ref idref="fl-46"/>
      </object_component>
      <object_component id="oc-178">
         <name>.text:_system_pre_init</name>
         <load_address>0xef06</load_address>
         <run_address>0xef06</run_address>
         <size>0x4</size>
         <input_file_ref idref="fl-39"/>
      </object_component>
      <object_component id="oc-372">
         <name>.text:_system_post_cinit</name>
         <load_address>0xef0a</load_address>
         <run_address>0xef0a</run_address>
         <size>0x2</size>
         <input_file_ref idref="fl-3a"/>
      </object_component>
      <object_component id="oc-4a8">
         <name>.cinit..data.load</name>
         <load_address>0xef3e</load_address>
         <run_address>0xef3e</run_address>
         <size>0x8</size>
      </object_component>
      <object_component id="oc-4a5">
         <name>__TI_handler_table</name>
         <load_address>0xef46</load_address>
         <run_address>0xef46</run_address>
         <size>0x6</size>
      </object_component>
      <object_component id="oc-4a7">
         <name>.cinit..bss.load</name>
         <load_address>0xef4c</load_address>
         <run_address>0xef4c</run_address>
         <size>0x4</size>
      </object_component>
      <object_component id="oc-4a6">
         <name>__TI_cinit_table</name>
         <load_address>0xef50</load_address>
         <run_address>0xef50</run_address>
         <size>0x8</size>
      </object_component>
      <object_component id="oc-2b4">
         <name>.const:$P$T0$1</name>
         <load_address>0xef0c</load_address>
         <run_address>0xef0c</run_address>
         <size>0x32</size>
         <input_file_ref idref="fl-7"/>
      </object_component>
      <object_component id="oc-467">
         <name>.binit</name>
         <load_address>0xc000</load_address>
         <run_address>0xc000</run_address>
         <size>0x0</size>
      </object_component>
      <object_component id="oc-40">
         <name>.int00</name>
         <load_address>0xffe0</load_address>
         <run_address>0xffe0</run_address>
         <size>0x2</size>
         <input_file_ref idref="fl-28"/>
      </object_component>
      <object_component id="oc-41">
         <name>.int02</name>
         <load_address>0xffe4</load_address>
         <run_address>0xffe4</run_address>
         <size>0x2</size>
         <input_file_ref idref="fl-29"/>
      </object_component>
      <object_component id="oc-42">
         <name>.int03</name>
         <load_address>0xffe6</load_address>
         <run_address>0xffe6</run_address>
         <size>0x2</size>
         <input_file_ref idref="fl-2a"/>
      </object_component>
      <object_component id="oc-43">
         <name>.int05</name>
         <load_address>0xffea</load_address>
         <run_address>0xffea</run_address>
         <size>0x2</size>
         <input_file_ref idref="fl-2b"/>
      </object_component>
      <object_component id="oc-44">
         <name>.int06</name>
         <load_address>0xffec</load_address>
         <run_address>0xffec</run_address>
         <size>0x2</size>
         <input_file_ref idref="fl-2c"/>
      </object_component>
      <object_component id="oc-45">
         <name>.int07</name>
         <load_address>0xffee</load_address>
         <run_address>0xffee</run_address>
         <size>0x2</size>
         <input_file_ref idref="fl-7"/>
      </object_component>
      <object_component id="oc-46">
         <name>.int08</name>
         <load_address>0xfff0</load_address>
         <run_address>0xfff0</run_address>
         <size>0x2</size>
         <input_file_ref idref="fl-4"/>
      </object_component>
      <object_component id="oc-47">
         <name>.int09</name>
         <load_address>0xfff2</load_address>
         <run_address>0xfff2</run_address>
         <size>0x2</size>
         <input_file_ref idref="fl-2d"/>
      </object_component>
      <object_component id="oc-48">
         <name>.int10</name>
         <load_address>0xfff4</load_address>
         <run_address>0xfff4</run_address>
         <size>0x2</size>
         <input_file_ref idref="fl-2e"/>
      </object_component>
      <object_component id="oc-49">
         <name>.int11</name>
         <load_address>0xfff6</load_address>
         <run_address>0xfff6</run_address>
         <size>0x2</size>
         <input_file_ref idref="fl-2f"/>
      </object_component>
      <object_component id="oc-4a">
         <name>.int12</name>
         <load_address>0xfff8</load_address>
         <run_address>0xfff8</run_address>
         <size>0x2</size>
         <input_file_ref idref="fl-30"/>
      </object_component>
      <object_component id="oc-4b">
         <name>.int13</name>
         <load_address>0xfffa</load_address>
         <run_address>0xfffa</run_address>
         <size>0x2</size>
         <input_file_ref idref="fl-31"/>
      </object_component>
      <object_component id="oc-4c">
         <name>.int14</name>
         <load_address>0xfffc</load_address>
         <run_address>0xfffc</run_address>
         <size>0x2</size>
         <input_file_ref idref="fl-32"/>
      </object_component>
      <object_component id="oc-b4">
         <name>.reset</name>
         <load_address>0xfffe</load_address>
         <run_address>0xfffe</run_address>
         <size>0x2</size>
         <input_file_ref idref="fl-34"/>
      </object_component>
      <object_component id="oc-3b0">
         <name>.debug_info</name>
         <load_address>0x0</load_address>
         <run_address>0x0</run_address>
         <size>0x2dc</size>
         <input_file_ref idref="fl-2"/>
      </object_component>
      <object_component id="oc-3b7">
         <name>.debug_info</name>
         <load_address>0x2dc</load_address>
         <run_address>0x2dc</run_address>
         <size>0x145</size>
         <input_file_ref idref="fl-2"/>
      </object_component>
      <object_component id="oc-ca">
         <name>.debug_info</name>
         <load_address>0x421</load_address>
         <run_address>0x421</run_address>
         <size>0x84</size>
         <input_file_ref idref="fl-2"/>
      </object_component>
      <object_component id="oc-327">
         <name>.debug_info</name>
         <load_address>0x4a5</load_address>
         <run_address>0x4a5</run_address>
         <size>0xf8</size>
         <input_file_ref idref="fl-3"/>
      </object_component>
      <object_component id="oc-34c">
         <name>.debug_info</name>
         <load_address>0x59d</load_address>
         <run_address>0x59d</run_address>
         <size>0xf8</size>
         <input_file_ref idref="fl-3"/>
      </object_component>
      <object_component id="oc-300">
         <name>.debug_info</name>
         <load_address>0x695</load_address>
         <run_address>0x695</run_address>
         <size>0xf8</size>
         <input_file_ref idref="fl-3"/>
      </object_component>
      <object_component id="oc-2d4">
         <name>.debug_info</name>
         <load_address>0x78d</load_address>
         <run_address>0x78d</run_address>
         <size>0xf8</size>
         <input_file_ref idref="fl-3"/>
      </object_component>
      <object_component id="oc-321">
         <name>.debug_info</name>
         <load_address>0x885</load_address>
         <run_address>0x885</run_address>
         <size>0xf4</size>
         <input_file_ref idref="fl-3"/>
      </object_component>
      <object_component id="oc-346">
         <name>.debug_info</name>
         <load_address>0x979</load_address>
         <run_address>0x979</run_address>
         <size>0xf4</size>
         <input_file_ref idref="fl-3"/>
      </object_component>
      <object_component id="oc-2fa">
         <name>.debug_info</name>
         <load_address>0xa6d</load_address>
         <run_address>0xa6d</run_address>
         <size>0xf4</size>
         <input_file_ref idref="fl-3"/>
      </object_component>
      <object_component id="oc-2ce">
         <name>.debug_info</name>
         <load_address>0xb61</load_address>
         <run_address>0xb61</run_address>
         <size>0xf4</size>
         <input_file_ref idref="fl-3"/>
      </object_component>
      <object_component id="oc-333">
         <name>.debug_info</name>
         <load_address>0xc55</load_address>
         <run_address>0xc55</run_address>
         <size>0xf3</size>
         <input_file_ref idref="fl-3"/>
      </object_component>
      <object_component id="oc-358">
         <name>.debug_info</name>
         <load_address>0xd48</load_address>
         <run_address>0xd48</run_address>
         <size>0xf3</size>
         <input_file_ref idref="fl-3"/>
      </object_component>
      <object_component id="oc-30c">
         <name>.debug_info</name>
         <load_address>0xe3b</load_address>
         <run_address>0xe3b</run_address>
         <size>0xf3</size>
         <input_file_ref idref="fl-3"/>
      </object_component>
      <object_component id="oc-2e0">
         <name>.debug_info</name>
         <load_address>0xf2e</load_address>
         <run_address>0xf2e</run_address>
         <size>0xf3</size>
         <input_file_ref idref="fl-3"/>
      </object_component>
      <object_component id="oc-32d">
         <name>.debug_info</name>
         <load_address>0x1021</load_address>
         <run_address>0x1021</run_address>
         <size>0xf2</size>
         <input_file_ref idref="fl-3"/>
      </object_component>
      <object_component id="oc-352">
         <name>.debug_info</name>
         <load_address>0x1113</load_address>
         <run_address>0x1113</run_address>
         <size>0xf0</size>
         <input_file_ref idref="fl-3"/>
      </object_component>
      <object_component id="oc-306">
         <name>.debug_info</name>
         <load_address>0x1203</load_address>
         <run_address>0x1203</run_address>
         <size>0xef</size>
         <input_file_ref idref="fl-3"/>
      </object_component>
      <object_component id="oc-2da">
         <name>.debug_info</name>
         <load_address>0x12f2</load_address>
         <run_address>0x12f2</run_address>
         <size>0xef</size>
         <input_file_ref idref="fl-3"/>
      </object_component>
      <object_component id="oc-238">
         <name>.debug_info</name>
         <load_address>0x13e1</load_address>
         <run_address>0x13e1</run_address>
         <size>0xe2</size>
         <input_file_ref idref="fl-3"/>
      </object_component>
      <object_component id="oc-315">
         <name>.debug_info</name>
         <load_address>0x14c3</load_address>
         <run_address>0x14c3</run_address>
         <size>0x11a</size>
         <input_file_ref idref="fl-3"/>
      </object_component>
      <object_component id="oc-33a">
         <name>.debug_info</name>
         <load_address>0x15dd</load_address>
         <run_address>0x15dd</run_address>
         <size>0x11a</size>
         <input_file_ref idref="fl-3"/>
      </object_component>
      <object_component id="oc-2e8">
         <name>.debug_info</name>
         <load_address>0x16f7</load_address>
         <run_address>0x16f7</run_address>
         <size>0x11a</size>
         <input_file_ref idref="fl-3"/>
      </object_component>
      <object_component id="oc-2bc">
         <name>.debug_info</name>
         <load_address>0x1811</load_address>
         <run_address>0x1811</run_address>
         <size>0x11a</size>
         <input_file_ref idref="fl-3"/>
      </object_component>
      <object_component id="oc-31b">
         <name>.debug_info</name>
         <load_address>0x192b</load_address>
         <run_address>0x192b</run_address>
         <size>0xdf</size>
         <input_file_ref idref="fl-3"/>
      </object_component>
      <object_component id="oc-340">
         <name>.debug_info</name>
         <load_address>0x1a0a</load_address>
         <run_address>0x1a0a</run_address>
         <size>0xdf</size>
         <input_file_ref idref="fl-3"/>
      </object_component>
      <object_component id="oc-2f4">
         <name>.debug_info</name>
         <load_address>0x1ae9</load_address>
         <run_address>0x1ae9</run_address>
         <size>0xdf</size>
         <input_file_ref idref="fl-3"/>
      </object_component>
      <object_component id="oc-2c8">
         <name>.debug_info</name>
         <load_address>0x1bc8</load_address>
         <run_address>0x1bc8</run_address>
         <size>0xdf</size>
         <input_file_ref idref="fl-3"/>
      </object_component>
      <object_component id="oc-2c2">
         <name>.debug_info</name>
         <load_address>0x1ca7</load_address>
         <run_address>0x1ca7</run_address>
         <size>0xe1</size>
         <input_file_ref idref="fl-3"/>
      </object_component>
      <object_component id="oc-226">
         <name>.debug_info</name>
         <load_address>0x1d88</load_address>
         <run_address>0x1d88</run_address>
         <size>0x1a5</size>
         <input_file_ref idref="fl-3"/>
      </object_component>
      <object_component id="oc-22c">
         <name>.debug_info</name>
         <load_address>0x1f2d</load_address>
         <run_address>0x1f2d</run_address>
         <size>0x1a5</size>
         <input_file_ref idref="fl-3"/>
      </object_component>
      <object_component id="oc-2ef">
         <name>.debug_info</name>
         <load_address>0x20d2</load_address>
         <run_address>0x20d2</run_address>
         <size>0xe1</size>
         <input_file_ref idref="fl-3"/>
      </object_component>
      <object_component id="oc-21b">
         <name>.debug_info</name>
         <load_address>0x21b3</load_address>
         <run_address>0x21b3</run_address>
         <size>0x1a5</size>
         <input_file_ref idref="fl-3"/>
      </object_component>
      <object_component id="oc-20f">
         <name>.debug_info</name>
         <load_address>0x2358</load_address>
         <run_address>0x2358</run_address>
         <size>0x1a5</size>
         <input_file_ref idref="fl-3"/>
      </object_component>
      <object_component id="oc-1db">
         <name>.debug_info</name>
         <load_address>0x24fd</load_address>
         <run_address>0x24fd</run_address>
         <size>0xeb</size>
         <input_file_ref idref="fl-3"/>
      </object_component>
      <object_component id="oc-1e2">
         <name>.debug_info</name>
         <load_address>0x25e8</load_address>
         <run_address>0x25e8</run_address>
         <size>0xe7</size>
         <input_file_ref idref="fl-3"/>
      </object_component>
      <object_component id="oc-155">
         <name>.debug_info</name>
         <load_address>0x26cf</load_address>
         <run_address>0x26cf</run_address>
         <size>0x269</size>
         <input_file_ref idref="fl-4"/>
      </object_component>
      <object_component id="oc-159">
         <name>.debug_info</name>
         <load_address>0x2938</load_address>
         <run_address>0x2938</run_address>
         <size>0xb6</size>
         <input_file_ref idref="fl-4"/>
      </object_component>
      <object_component id="oc-1f9">
         <name>.debug_info</name>
         <load_address>0x29ee</load_address>
         <run_address>0x29ee</run_address>
         <size>0xf8</size>
         <input_file_ref idref="fl-4"/>
      </object_component>
      <object_component id="oc-1f0">
         <name>.debug_info</name>
         <load_address>0x2ae6</load_address>
         <run_address>0x2ae6</run_address>
         <size>0x100</size>
         <input_file_ref idref="fl-4"/>
      </object_component>
      <object_component id="oc-eb">
         <name>.debug_info</name>
         <load_address>0x2be6</load_address>
         <run_address>0x2be6</run_address>
         <size>0x148</size>
         <input_file_ref idref="fl-4"/>
      </object_component>
      <object_component id="oc-1d6">
         <name>.debug_info</name>
         <load_address>0x2d2e</load_address>
         <run_address>0x2d2e</run_address>
         <size>0xe7</size>
         <input_file_ref idref="fl-5"/>
      </object_component>
      <object_component id="oc-285">
         <name>.debug_info</name>
         <load_address>0x2e15</load_address>
         <run_address>0x2e15</run_address>
         <size>0x464</size>
         <input_file_ref idref="fl-6"/>
      </object_component>
      <object_component id="oc-205">
         <name>.debug_info</name>
         <load_address>0x3279</load_address>
         <run_address>0x3279</run_address>
         <size>0x113</size>
         <input_file_ref idref="fl-6"/>
      </object_component>
      <object_component id="oc-182">
         <name>.debug_info</name>
         <load_address>0x338c</load_address>
         <run_address>0x338c</run_address>
         <size>0x213</size>
         <input_file_ref idref="fl-6"/>
      </object_component>
      <object_component id="oc-27f">
         <name>.debug_info</name>
         <load_address>0x359f</load_address>
         <run_address>0x359f</run_address>
         <size>0x26b</size>
         <input_file_ref idref="fl-6"/>
      </object_component>
      <object_component id="oc-1ae">
         <name>.debug_info</name>
         <load_address>0x380a</load_address>
         <run_address>0x380a</run_address>
         <size>0x282</size>
         <input_file_ref idref="fl-6"/>
      </object_component>
      <object_component id="oc-14f">
         <name>.debug_info</name>
         <load_address>0x3a8c</load_address>
         <run_address>0x3a8c</run_address>
         <size>0xbb</size>
         <input_file_ref idref="fl-6"/>
      </object_component>
      <object_component id="oc-1a7">
         <name>.debug_info</name>
         <load_address>0x3b47</load_address>
         <run_address>0x3b47</run_address>
         <size>0x2cf</size>
         <input_file_ref idref="fl-7"/>
      </object_component>
      <object_component id="oc-147">
         <name>.debug_info</name>
         <load_address>0x3e16</load_address>
         <run_address>0x3e16</run_address>
         <size>0xb6</size>
         <input_file_ref idref="fl-7"/>
      </object_component>
      <object_component id="oc-144">
         <name>.debug_info</name>
         <load_address>0x3ecc</load_address>
         <run_address>0x3ecc</run_address>
         <size>0xb8</size>
         <input_file_ref idref="fl-7"/>
      </object_component>
      <object_component id="oc-2b5">
         <name>.debug_info</name>
         <load_address>0x3f84</load_address>
         <run_address>0x3f84</run_address>
         <size>0xb5</size>
         <input_file_ref idref="fl-7"/>
      </object_component>
      <object_component id="oc-1f5">
         <name>.debug_info</name>
         <load_address>0x4039</load_address>
         <run_address>0x4039</run_address>
         <size>0xec</size>
         <input_file_ref idref="fl-7"/>
      </object_component>
      <object_component id="oc-200">
         <name>.debug_info</name>
         <load_address>0x4125</load_address>
         <run_address>0x4125</run_address>
         <size>0x117</size>
         <input_file_ref idref="fl-7"/>
      </object_component>
      <object_component id="oc-e4">
         <name>.debug_info</name>
         <load_address>0x423c</load_address>
         <run_address>0x423c</run_address>
         <size>0x124</size>
         <input_file_ref idref="fl-7"/>
      </object_component>
      <object_component id="oc-1e8">
         <name>.debug_info</name>
         <load_address>0x4360</load_address>
         <run_address>0x4360</run_address>
         <size>0xf1</size>
         <input_file_ref idref="fl-8"/>
      </object_component>
      <object_component id="oc-232">
         <name>.debug_info</name>
         <load_address>0x4451</load_address>
         <run_address>0x4451</run_address>
         <size>0xfe</size>
         <input_file_ref idref="fl-8"/>
      </object_component>
      <object_component id="oc-223">
         <name>.debug_info</name>
         <load_address>0x454f</load_address>
         <run_address>0x454f</run_address>
         <size>0x12c</size>
         <input_file_ref idref="fl-8"/>
      </object_component>
      <object_component id="oc-216">
         <name>.debug_info</name>
         <load_address>0x467b</load_address>
         <run_address>0x467b</run_address>
         <size>0xfb</size>
         <input_file_ref idref="fl-8"/>
      </object_component>
      <object_component id="oc-20a">
         <name>.debug_info</name>
         <load_address>0x4776</load_address>
         <run_address>0x4776</run_address>
         <size>0xfb</size>
         <input_file_ref idref="fl-8"/>
      </object_component>
      <object_component id="oc-14a">
         <name>.debug_info</name>
         <load_address>0x4871</load_address>
         <run_address>0x4871</run_address>
         <size>0x135</size>
         <input_file_ref idref="fl-23"/>
      </object_component>
      <object_component id="oc-1a9">
         <name>.debug_info</name>
         <load_address>0x49a6</load_address>
         <run_address>0x49a6</run_address>
         <size>0x121</size>
         <input_file_ref idref="fl-24"/>
      </object_component>
      <object_component id="oc-c1">
         <name>.debug_info</name>
         <load_address>0x4ac7</load_address>
         <run_address>0x4ac7</run_address>
         <size>0x12e</size>
         <input_file_ref idref="fl-25"/>
      </object_component>
      <object_component id="oc-409">
         <name>.debug_info</name>
         <load_address>0x4bf5</load_address>
         <run_address>0x4bf5</run_address>
         <size>0x121</size>
         <input_file_ref idref="fl-26"/>
      </object_component>
      <object_component id="oc-414">
         <name>.debug_info</name>
         <load_address>0x4d16</load_address>
         <run_address>0x4d16</run_address>
         <size>0x121</size>
         <input_file_ref idref="fl-27"/>
      </object_component>
      <object_component id="oc-df">
         <name>.debug_info</name>
         <load_address>0x4e37</load_address>
         <run_address>0x4e37</run_address>
         <size>0x10f</size>
         <input_file_ref idref="fl-33"/>
      </object_component>
      <object_component id="oc-b2">
         <name>.debug_info</name>
         <load_address>0x4f46</load_address>
         <run_address>0x4f46</run_address>
         <size>0x100</size>
         <input_file_ref idref="fl-34"/>
      </object_component>
      <object_component id="oc-100">
         <name>.debug_info</name>
         <load_address>0x5046</load_address>
         <run_address>0x5046</run_address>
         <size>0x17a</size>
         <input_file_ref idref="fl-34"/>
      </object_component>
      <object_component id="oc-379">
         <name>.debug_info</name>
         <load_address>0x51c0</load_address>
         <run_address>0x51c0</run_address>
         <size>0x3de</size>
         <input_file_ref idref="fl-35"/>
      </object_component>
      <object_component id="oc-24e">
         <name>.debug_info</name>
         <load_address>0x559e</load_address>
         <run_address>0x559e</run_address>
         <size>0x1e0</size>
         <input_file_ref idref="fl-35"/>
      </object_component>
      <object_component id="oc-3ed">
         <name>.debug_info</name>
         <load_address>0x577e</load_address>
         <run_address>0x577e</run_address>
         <size>0x39</size>
         <input_file_ref idref="fl-35"/>
      </object_component>
      <object_component id="oc-3fe">
         <name>.debug_info</name>
         <load_address>0x57b7</load_address>
         <run_address>0x57b7</run_address>
         <size>0x2c</size>
         <input_file_ref idref="fl-35"/>
      </object_component>
      <object_component id="oc-384">
         <name>.debug_info</name>
         <load_address>0x57e3</load_address>
         <run_address>0x57e3</run_address>
         <size>0x2c</size>
         <input_file_ref idref="fl-35"/>
      </object_component>
      <object_component id="oc-3f2">
         <name>.debug_info</name>
         <load_address>0x580f</load_address>
         <run_address>0x580f</run_address>
         <size>0xcd</size>
         <input_file_ref idref="fl-35"/>
      </object_component>
      <object_component id="oc-176">
         <name>.debug_info</name>
         <load_address>0x58dc</load_address>
         <run_address>0x58dc</run_address>
         <size>0x175</size>
         <input_file_ref idref="fl-36"/>
      </object_component>
      <object_component id="oc-ee">
         <name>.debug_info</name>
         <load_address>0x5a51</load_address>
         <run_address>0x5a51</run_address>
         <size>0x1d2</size>
         <input_file_ref idref="fl-36"/>
      </object_component>
      <object_component id="oc-171">
         <name>.debug_info</name>
         <load_address>0x5c23</load_address>
         <run_address>0x5c23</run_address>
         <size>0x46</size>
         <input_file_ref idref="fl-36"/>
      </object_component>
      <object_component id="oc-136">
         <name>.debug_info</name>
         <load_address>0x5c69</load_address>
         <run_address>0x5c69</run_address>
         <size>0x2c</size>
         <input_file_ref idref="fl-36"/>
      </object_component>
      <object_component id="oc-179">
         <name>.debug_info</name>
         <load_address>0x5c95</load_address>
         <run_address>0x5c95</run_address>
         <size>0x153</size>
         <input_file_ref idref="fl-39"/>
      </object_component>
      <object_component id="oc-374">
         <name>.debug_info</name>
         <load_address>0x5de8</load_address>
         <run_address>0x5de8</run_address>
         <size>0x150</size>
         <input_file_ref idref="fl-3a"/>
      </object_component>
      <object_component id="oc-db">
         <name>.debug_info</name>
         <load_address>0x5f38</load_address>
         <run_address>0x5f38</run_address>
         <size>0x180</size>
         <input_file_ref idref="fl-3b"/>
      </object_component>
      <object_component id="oc-3b">
         <name>.debug_info</name>
         <load_address>0x60b8</load_address>
         <run_address>0x60b8</run_address>
         <size>0x1ea</size>
         <input_file_ref idref="fl-3b"/>
      </object_component>
      <object_component id="oc-d6">
         <name>.debug_info</name>
         <load_address>0x62a2</load_address>
         <run_address>0x62a2</run_address>
         <size>0x46</size>
         <input_file_ref idref="fl-3b"/>
      </object_component>
      <object_component id="oc-13b">
         <name>.debug_info</name>
         <load_address>0x62e8</load_address>
         <run_address>0x62e8</run_address>
         <size>0x2c</size>
         <input_file_ref idref="fl-3b"/>
      </object_component>
      <object_component id="oc-133">
         <name>.debug_info</name>
         <load_address>0x6314</load_address>
         <run_address>0x6314</run_address>
         <size>0x176</size>
         <input_file_ref idref="fl-3c"/>
      </object_component>
      <object_component id="oc-35">
         <name>.debug_info</name>
         <load_address>0x648a</load_address>
         <run_address>0x648a</run_address>
         <size>0x292</size>
         <input_file_ref idref="fl-3c"/>
      </object_component>
      <object_component id="oc-c5">
         <name>.debug_info</name>
         <load_address>0x671c</load_address>
         <run_address>0x671c</run_address>
         <size>0x60</size>
         <input_file_ref idref="fl-3c"/>
      </object_component>
      <object_component id="oc-19a">
         <name>.debug_info</name>
         <load_address>0x677c</load_address>
         <run_address>0x677c</run_address>
         <size>0x46</size>
         <input_file_ref idref="fl-3c"/>
      </object_component>
      <object_component id="oc-12e">
         <name>.debug_info</name>
         <load_address>0x67c2</load_address>
         <run_address>0x67c2</run_address>
         <size>0x39</size>
         <input_file_ref idref="fl-3c"/>
      </object_component>
      <object_component id="oc-16a">
         <name>.debug_info</name>
         <load_address>0x67fb</load_address>
         <run_address>0x67fb</run_address>
         <size>0x1af</size>
         <input_file_ref idref="fl-3d"/>
      </object_component>
      <object_component id="oc-1cb">
         <name>.debug_info</name>
         <load_address>0x69aa</load_address>
         <run_address>0x69aa</run_address>
         <size>0x94</size>
         <input_file_ref idref="fl-3d"/>
      </object_component>
      <object_component id="oc-43c">
         <name>.debug_info</name>
         <load_address>0x6a3e</load_address>
         <run_address>0x6a3e</run_address>
         <size>0x165</size>
         <input_file_ref idref="fl-3e"/>
      </object_component>
      <object_component id="oc-410">
         <name>.debug_info</name>
         <load_address>0x6ba3</load_address>
         <run_address>0x6ba3</run_address>
         <size>0x1d4</size>
         <input_file_ref idref="fl-3e"/>
      </object_component>
      <object_component id="oc-43d">
         <name>.debug_info</name>
         <load_address>0x6d77</load_address>
         <run_address>0x6d77</run_address>
         <size>0xdb</size>
         <input_file_ref idref="fl-3e"/>
      </object_component>
      <object_component id="oc-41f">
         <name>.debug_info</name>
         <load_address>0x6e52</load_address>
         <run_address>0x6e52</run_address>
         <size>0x171</size>
         <input_file_ref idref="fl-3f"/>
      </object_component>
      <object_component id="oc-44b">
         <name>.debug_info</name>
         <load_address>0x6fc3</load_address>
         <run_address>0x6fc3</run_address>
         <size>0x1c0</size>
         <input_file_ref idref="fl-40"/>
      </object_component>
      <object_component id="oc-15d">
         <name>.debug_info</name>
         <load_address>0x7183</load_address>
         <run_address>0x7183</run_address>
         <size>0x166</size>
         <input_file_ref idref="fl-41"/>
      </object_component>
      <object_component id="oc-292">
         <name>.debug_info</name>
         <load_address>0x72e9</load_address>
         <run_address>0x72e9</run_address>
         <size>0x16b</size>
         <input_file_ref idref="fl-42"/>
      </object_component>
      <object_component id="oc-1b8">
         <name>.debug_info</name>
         <load_address>0x7454</load_address>
         <run_address>0x7454</run_address>
         <size>0x1e3</size>
         <input_file_ref idref="fl-42"/>
      </object_component>
      <object_component id="oc-1ca">
         <name>.debug_info</name>
         <load_address>0x7637</load_address>
         <run_address>0x7637</run_address>
         <size>0x197</size>
         <input_file_ref idref="fl-43"/>
      </object_component>
      <object_component id="oc-163">
         <name>.debug_info</name>
         <load_address>0x77ce</load_address>
         <run_address>0x77ce</run_address>
         <size>0x2d2</size>
         <input_file_ref idref="fl-43"/>
      </object_component>
      <object_component id="oc-419">
         <name>.debug_info</name>
         <load_address>0x7aa0</load_address>
         <run_address>0x7aa0</run_address>
         <size>0x18d</size>
         <input_file_ref idref="fl-44"/>
      </object_component>
      <object_component id="oc-406">
         <name>.debug_info</name>
         <load_address>0x7c2d</load_address>
         <run_address>0x7c2d</run_address>
         <size>0x165</size>
         <input_file_ref idref="fl-45"/>
      </object_component>
      <object_component id="oc-3ab">
         <name>.debug_info</name>
         <load_address>0x7d92</load_address>
         <run_address>0x7d92</run_address>
         <size>0x208</size>
         <input_file_ref idref="fl-45"/>
      </object_component>
      <object_component id="oc-240">
         <name>.debug_info</name>
         <load_address>0x7f9a</load_address>
         <run_address>0x7f9a</run_address>
         <size>0x122</size>
         <input_file_ref idref="fl-46"/>
      </object_component>
      <object_component id="oc-135">
         <name>.debug_info</name>
         <load_address>0x80bc</load_address>
         <run_address>0x80bc</run_address>
         <size>0x181</size>
         <input_file_ref idref="fl-49"/>
      </object_component>
      <object_component id="oc-d1">
         <name>.debug_info</name>
         <load_address>0x823d</load_address>
         <run_address>0x823d</run_address>
         <size>0x17a</size>
         <input_file_ref idref="fl-49"/>
      </object_component>
      <object_component id="oc-1c0">
         <name>.debug_info</name>
         <load_address>0x83b7</load_address>
         <run_address>0x83b7</run_address>
         <size>0x120</size>
         <input_file_ref idref="fl-4a"/>
      </object_component>
      <object_component id="oc-439">
         <name>.debug_info</name>
         <load_address>0x84d7</load_address>
         <run_address>0x84d7</run_address>
         <size>0x126</size>
         <input_file_ref idref="fl-4b"/>
      </object_component>
      <object_component id="oc-b7">
         <name>.debug_info</name>
         <load_address>0x85fd</load_address>
         <run_address>0x85fd</run_address>
         <size>0x120</size>
         <input_file_ref idref="fl-4c"/>
      </object_component>
      <object_component id="oc-288">
         <name>.debug_info</name>
         <load_address>0x871d</load_address>
         <run_address>0x871d</run_address>
         <size>0x126</size>
         <input_file_ref idref="fl-4d"/>
      </object_component>
      <object_component id="oc-bb">
         <name>.debug_info</name>
         <load_address>0x8843</load_address>
         <run_address>0x8843</run_address>
         <size>0x120</size>
         <input_file_ref idref="fl-4e"/>
      </object_component>
      <object_component id="oc-45e">
         <name>.debug_info</name>
         <load_address>0x8963</load_address>
         <run_address>0x8963</run_address>
         <size>0x120</size>
         <input_file_ref idref="fl-4f"/>
      </object_component>
      <object_component id="oc-28e">
         <name>.debug_info</name>
         <load_address>0x8a83</load_address>
         <run_address>0x8a83</run_address>
         <size>0x126</size>
         <input_file_ref idref="fl-4f"/>
      </object_component>
      <object_component id="oc-2a7">
         <name>.debug_info</name>
         <load_address>0x8ba9</load_address>
         <run_address>0x8ba9</run_address>
         <size>0x193</size>
         <input_file_ref idref="fl-52"/>
      </object_component>
      <object_component id="oc-45b">
         <name>.debug_info</name>
         <load_address>0x8d3c</load_address>
         <run_address>0x8d3c</run_address>
         <size>0x164</size>
         <input_file_ref idref="fl-53"/>
      </object_component>
      <object_component id="oc-447">
         <name>.debug_info</name>
         <load_address>0x8ea0</load_address>
         <run_address>0x8ea0</run_address>
         <size>0x35e</size>
         <input_file_ref idref="fl-53"/>
      </object_component>
      <object_component id="oc-1c4">
         <name>.debug_info</name>
         <load_address>0x91fe</load_address>
         <run_address>0x91fe</run_address>
         <size>0x239</size>
         <input_file_ref idref="fl-54"/>
      </object_component>
      <object_component id="oc-2a0">
         <name>.debug_info</name>
         <load_address>0x9437</load_address>
         <run_address>0x9437</run_address>
         <size>0x139</size>
         <input_file_ref idref="fl-55"/>
      </object_component>
      <object_component id="oc-29b">
         <name>.debug_info</name>
         <load_address>0x9570</load_address>
         <run_address>0x9570</run_address>
         <size>0x20b</size>
         <input_file_ref idref="fl-56"/>
      </object_component>
      <object_component id="oc-458">
         <name>.debug_info</name>
         <load_address>0x977b</load_address>
         <run_address>0x977b</run_address>
         <size>0x193</size>
         <input_file_ref idref="fl-57"/>
      </object_component>
      <object_component id="oc-297">
         <name>.debug_info</name>
         <load_address>0x990e</load_address>
         <run_address>0x990e</run_address>
         <size>0x193</size>
         <input_file_ref idref="fl-58"/>
      </object_component>
      <object_component id="oc-3a0">
         <name>.debug_info</name>
         <load_address>0x9aa1</load_address>
         <run_address>0x9aa1</run_address>
         <size>0x125</size>
         <input_file_ref idref="fl-59"/>
      </object_component>
      <object_component id="oc-39c">
         <name>.debug_info</name>
         <load_address>0x9bc6</load_address>
         <run_address>0x9bc6</run_address>
         <size>0x121</size>
         <input_file_ref idref="fl-5a"/>
      </object_component>
      <object_component id="oc-4aa">
         <name>.debug_info</name>
         <load_address>0x9ce7</load_address>
         <run_address>0x9ce7</run_address>
         <size>0x83</size>
      </object_component>
      <object_component id="oc-3b3">
         <name>.debug_line</name>
         <load_address>0x0</load_address>
         <run_address>0x0</run_address>
         <size>0x4c</size>
         <input_file_ref idref="fl-2"/>
      </object_component>
      <object_component id="oc-3ba">
         <name>.debug_line</name>
         <load_address>0x4c</load_address>
         <run_address>0x4c</run_address>
         <size>0x52</size>
         <input_file_ref idref="fl-2"/>
      </object_component>
      <object_component id="oc-cd">
         <name>.debug_line</name>
         <load_address>0x9e</load_address>
         <run_address>0x9e</run_address>
         <size>0x20</size>
         <input_file_ref idref="fl-2"/>
      </object_component>
      <object_component id="oc-32b">
         <name>.debug_line</name>
         <load_address>0xbe</load_address>
         <run_address>0xbe</run_address>
         <size>0x53</size>
         <input_file_ref idref="fl-3"/>
      </object_component>
      <object_component id="oc-350">
         <name>.debug_line</name>
         <load_address>0x111</load_address>
         <run_address>0x111</run_address>
         <size>0x53</size>
         <input_file_ref idref="fl-3"/>
      </object_component>
      <object_component id="oc-304">
         <name>.debug_line</name>
         <load_address>0x164</load_address>
         <run_address>0x164</run_address>
         <size>0x53</size>
         <input_file_ref idref="fl-3"/>
      </object_component>
      <object_component id="oc-2d8">
         <name>.debug_line</name>
         <load_address>0x1b7</load_address>
         <run_address>0x1b7</run_address>
         <size>0x53</size>
         <input_file_ref idref="fl-3"/>
      </object_component>
      <object_component id="oc-324">
         <name>.debug_line</name>
         <load_address>0x20a</load_address>
         <run_address>0x20a</run_address>
         <size>0x53</size>
         <input_file_ref idref="fl-3"/>
      </object_component>
      <object_component id="oc-349">
         <name>.debug_line</name>
         <load_address>0x25d</load_address>
         <run_address>0x25d</run_address>
         <size>0x53</size>
         <input_file_ref idref="fl-3"/>
      </object_component>
      <object_component id="oc-2fd">
         <name>.debug_line</name>
         <load_address>0x2b0</load_address>
         <run_address>0x2b0</run_address>
         <size>0x53</size>
         <input_file_ref idref="fl-3"/>
      </object_component>
      <object_component id="oc-2d1">
         <name>.debug_line</name>
         <load_address>0x303</load_address>
         <run_address>0x303</run_address>
         <size>0x53</size>
         <input_file_ref idref="fl-3"/>
      </object_component>
      <object_component id="oc-336">
         <name>.debug_line</name>
         <load_address>0x356</load_address>
[...]
         <value>0xe7f8</value>
         <object_component_ref idref="oc-24a"/>
      </symbol>
      <symbol id="sm-3dd">
         <name>__TI_zero_init_nomemset</name>
         <value>0xee78</value>
         <object_component_ref idref="oc-ed"/>
      </symbol>
      <symbol id="sm-3e8">
         <name>_system_pre_init</name>
         <value>0xef06</value>
         <object_component_ref idref="oc-178"/>
      </symbol>
      <symbol id="sm-3f1">
         <name>_system_post_cinit</name>
         <value>0xef0a</value>
         <object_component_ref idref="oc-372"/>
      </symbol>
      <symbol id="sm-407">
         <name>__TI_decompress_none</name>
         <value>0xee8c</value>
         <object_component_ref idref="oc-3a"/>
      </symbol>
      <symbol id="sm-42a">
         <name>__TI_decompress_lzss</name>
         <value>0xe478</value>
         <object_component_ref idref="oc-34"/>
      </symbol>
      <symbol id="sm-449">
         <name>__mspabi_cmpd</name>
         <value>0xdb58</value>
         <object_component_ref idref="oc-169"/>
      </symbol>
      <symbol id="sm-45f">
         <name>__mspabi_cvtfd</name>
         <value>0xe566</value>
         <object_component_ref idref="oc-40d"/>
      </symbol>
      <symbol id="sm-46c">
         <name>__mspabi_fixdi</name>
         <value>0xea32</value>
         <object_component_ref idref="oc-41e"/>
      </symbol>
      <symbol id="sm-47b">
         <name>__mspabi_fixdli</name>
         <value>0xe4f4</value>
         <object_component_ref idref="oc-44a"/>
      </symbol>
      <symbol id="sm-484">
         <name>__mspabi_fltud</name>
         <value>0xeefa</value>
         <object_component_ref idref="oc-15c"/>
      </symbol>
      <symbol id="sm-499">
         <name>__mspabi_fltuld</name>
         <value>0xe172</value>
         <object_component_ref idref="oc-1b7"/>
      </symbol>
      <symbol id="sm-4bf">
         <name>__mspabi_mpyd</name>
         <value>0xcc54</value>
         <object_component_ref idref="oc-162"/>
      </symbol>
      <symbol id="sm-4c8">
         <name>__mspabi_subd</name>
         <value>0xe952</value>
         <object_component_ref idref="oc-418"/>
      </symbol>
      <symbol id="sm-4dd">
         <name>__mspabi_cvtdf</name>
         <value>0xe0be</value>
         <object_component_ref idref="oc-3a9"/>
      </symbol>
      <symbol id="sm-4e7">
         <name>C$$EXIT</name>
         <value>0xef00</value>
         <object_component_ref idref="oc-23e"/>
      </symbol>
      <symbol id="sm-4e8">
         <name>abort</name>
         <value>0xef00</value>
         <object_component_ref idref="oc-23e"/>
      </symbol>
      <symbol id="sm-4f8">
         <name>memcpy</name>
         <value>0xeec2</value>
         <object_component_ref idref="oc-cf"/>
      </symbol>
      <symbol id="sm-500">
         <name>__mspabi_srai</name>
         <value>0xe9ae</value>
         <object_component_ref idref="oc-1be"/>
      </symbol>
      <symbol id="sm-501">
         <name>__mspabi_srai_8</name>
         <value>0xe9c8</value>
         <object_component_ref idref="oc-1be"/>
      </symbol>
      <symbol id="sm-502">
         <name>__mspabi_srai_9</name>
         <value>0xe9c6</value>
         <object_component_ref idref="oc-1be"/>
      </symbol>
      <symbol id="sm-503">
         <name>__mspabi_srai_6</name>
         <value>0xe9cc</value>
         <object_component_ref idref="oc-1be"/>
      </symbol>
      <symbol id="sm-504">
         <name>__mspabi_srai_7</name>
         <value>0xe9ca</value>
         <object_component_ref idref="oc-1be"/>
      </symbol>
      <symbol id="sm-505">
         <name>__mspabi_srai_4</name>
         <value>0xe9d0</value>
         <object_component_ref idref="oc-1be"/>
      </symbol>
      <symbol id="sm-506">
         <name>__mspabi_srai_5</name>
         <value>0xe9ce</value>
         <object_component_ref idref="oc-1be"/>
      </symbol>
      <symbol id="sm-507">
         <name>__mspabi_srai_2</name>
         <value>0xe9d4</value>
         <object_component_ref idref="oc-1be"/>
      </symbol>
      <symbol id="sm-508">
         <name>__mspabi_srai_3</name>
         <value>0xe9d2</value>
         <object_component_ref idref="oc-1be"/>
      </symbol>
      <symbol id="sm-509">
         <name>__mspabi_srai_1</name>
         <value>0xe9d6</value>
         <object_component_ref idref="oc-1be"/>
      </symbol>
      <symbol id="sm-50a">
         <name>__mspabi_srai_15</name>
         <value>0xe9ba</value>
         <object_component_ref idref="oc-1be"/>
      </symbol>
      <symbol id="sm-50b">
         <name>__mspabi_srai_14</name>
         <value>0xe9bc</value>
         <object_component_ref idref="oc-1be"/>
      </symbol>
      <symbol id="sm-50c">
         <name>__mspabi_srai_13</name>
         <value>0xe9be</value>
         <object_component_ref idref="oc-1be"/>
      </symbol>
      <symbol id="sm-50d">
         <name>__mspabi_srai_12</name>
         <value>0xe9c0</value>
         <object_component_ref idref="oc-1be"/>
      </symbol>
      <symbol id="sm-50e">
         <name>__mspabi_srai_11</name>
         <value>0xe9c2</value>
         <object_component_ref idref="oc-1be"/>
      </symbol>
      <symbol id="sm-50f">
         <name>__mspabi_srai_10</name>
         <value>0xe9c4</value>
         <object_component_ref idref="oc-1be"/>
      </symbol>
      <symbol id="sm-517">
         <name>__mspabi_sral_15</name>
         <value>0xe83a</value>
         <object_component_ref idref="oc-436"/>
      </symbol>
      <symbol id="sm-518">
         <name>__mspabi_sral_14</name>
         <value>0xe83e</value>
         <object_component_ref idref="oc-436"/>
      </symbol>
      <symbol id="sm-519">
         <name>__mspabi_sral_13</name>
         <value>0xe842</value>
         <object_component_ref idref="oc-436"/>
      </symbol>
      <symbol id="sm-51a">
         <name>__mspabi_sral_12</name>
         <value>0xe846</value>
         <object_component_ref idref="oc-436"/>
      </symbol>
      <symbol id="sm-51b">
         <name>__mspabi_sral_11</name>
         <value>0xe84a</value>
         <object_component_ref idref="oc-436"/>
      </symbol>
      <symbol id="sm-51c">
         <name>__mspabi_sral_10</name>
         <value>0xe84e</value>
         <object_component_ref idref="oc-436"/>
      </symbol>
      <symbol id="sm-51d">
         <name>__mspabi_sral_8</name>
         <value>0xe856</value>
         <object_component_ref idref="oc-436"/>
      </symbol>
      <symbol id="sm-51e">
         <name>__mspabi_sral_9</name>
         <value>0xe852</value>
         <object_component_ref idref="oc-436"/>
      </symbol>
      <symbol id="sm-51f">
         <name>__mspabi_sral_6</name>
         <value>0xe85e</value>
         <object_component_ref idref="oc-436"/>
      </symbol>
      <symbol id="sm-520">
         <name>__mspabi_sral_7</name>
         <value>0xe85a</value>
         <object_component_ref idref="oc-436"/>
      </symbol>
      <symbol id="sm-521">
         <name>__mspabi_sral_4</name>
         <value>0xe866</value>
         <object_component_ref idref="oc-436"/>
      </symbol>
      <symbol id="sm-522">
         <name>__mspabi_sral_5</name>
         <value>0xe862</value>
         <object_component_ref idref="oc-436"/>
      </symbol>
      <symbol id="sm-523">
         <name>__mspabi_sral_2</name>
         <value>0xe86e</value>
         <object_component_ref idref="oc-436"/>
      </symbol>
      <symbol id="sm-524">
         <name>__mspabi_sral_3</name>
         <value>0xe86a</value>
         <object_component_ref idref="oc-436"/>
      </symbol>
      <symbol id="sm-525">
         <name>__mspabi_sral_1</name>
         <value>0xe872</value>
         <object_component_ref idref="oc-436"/>
      </symbol>
      <symbol id="sm-52d">
         <name>__mspabi_slli</name>
         <value>0xea06</value>
         <object_component_ref idref="oc-b5"/>
      </symbol>
      <symbol id="sm-52e">
         <name>__mspabi_slli_9</name>
         <value>0xea1e</value>
         <object_component_ref idref="oc-b5"/>
      </symbol>
      <symbol id="sm-52f">
         <name>__mspabi_slli_8</name>
         <value>0xea20</value>
         <object_component_ref idref="oc-b5"/>
      </symbol>
      <symbol id="sm-530">
         <name>__mspabi_slli_7</name>
         <value>0xea22</value>
         <object_component_ref idref="oc-b5"/>
      </symbol>
      <symbol id="sm-531">
         <name>__mspabi_slli_6</name>
         <value>0xea24</value>
         <object_component_ref idref="oc-b5"/>
      </symbol>
      <symbol id="sm-532">
         <name>__mspabi_slli_5</name>
         <value>0xea26</value>
         <object_component_ref idref="oc-b5"/>
      </symbol>
      <symbol id="sm-533">
         <name>__mspabi_slli_4</name>
         <value>0xea28</value>
         <object_component_ref idref="oc-b5"/>
      </symbol>
      <symbol id="sm-534">
         <name>__mspabi_slli_3</name>
         <value>0xea2a</value>
         <object_component_ref idref="oc-b5"/>
      </symbol>
      <symbol id="sm-535">
         <name>__mspabi_slli_2</name>
         <value>0xea2c</value>
         <object_component_ref idref="oc-b5"/>
      </symbol>
      <symbol id="sm-536">
         <name>__mspabi_slli_1</name>
         <value>0xea2e</value>
         <object_component_ref idref="oc-b5"/>
      </symbol>
      <symbol id="sm-537">
         <name>__mspabi_slli_15</name>
         <value>0xea12</value>
         <object_component_ref idref="oc-b5"/>
      </symbol>
      <symbol id="sm-538">
         <name>__mspabi_slli_14</name>
         <value>0xea14</value>
         <object_component_ref idref="oc-b5"/>
      </symbol>
      <symbol id="sm-539">
         <name>__mspabi_slli_13</name>
         <value>0xea16</value>
         <object_component_ref idref="oc-b5"/>
      </symbol>
      <symbol id="sm-53a">
         <name>__mspabi_slli_12</name>
         <value>0xea18</value>
         <object_component_ref idref="oc-b5"/>
      </symbol>
      <symbol id="sm-53b">
         <name>__mspabi_slli_11</name>
         <value>0xea1a</value>
         <object_component_ref idref="oc-b5"/>
      </symbol>
      <symbol id="sm-53c">
         <name>__mspabi_slli_10</name>
         <value>0xea1c</value>
         <object_component_ref idref="oc-b5"/>
      </symbol>
      <symbol id="sm-544">
         <name>__mspabi_slll_9</name>
         <value>0xe890</value>
         <object_component_ref idref="oc-287"/>
      </symbol>
      <symbol id="sm-545">
         <name>__mspabi_slll_8</name>
         <value>0xe894</value>
         <object_component_ref idref="oc-287"/>
      </symbol>
      <symbol id="sm-546">
         <name>__mspabi_slll_7</name>
         <value>0xe898</value>
         <object_component_ref idref="oc-287"/>
      </symbol>
      <symbol id="sm-547">
         <name>__mspabi_slll_6</name>
         <value>0xe89c</value>
         <object_component_ref idref="oc-287"/>
      </symbol>
      <symbol id="sm-548">
         <name>__mspabi_slll_5</name>
         <value>0xe8a0</value>
         <object_component_ref idref="oc-287"/>
      </symbol>
      <symbol id="sm-549">
         <name>__mspabi_slll_4</name>
         <value>0xe8a4</value>
         <object_component_ref idref="oc-287"/>
      </symbol>
      <symbol id="sm-54a">
         <name>__mspabi_slll_3</name>
         <value>0xe8a8</value>
         <object_component_ref idref="oc-287"/>
      </symbol>
      <symbol id="sm-54b">
         <name>__mspabi_slll_2</name>
         <value>0xe8ac</value>
         <object_component_ref idref="oc-287"/>
      </symbol>
      <symbol id="sm-54c">
         <name>__mspabi_slll_1</name>
         <value>0xe8b0</value>
         <object_component_ref idref="oc-287"/>
      </symbol>
      <symbol id="sm-54d">
         <name>__mspabi_slll_15</name>
         <value>0xe878</value>
         <object_component_ref idref="oc-287"/>
      </symbol>
      <symbol id="sm-54e">
         <name>__mspabi_slll_14</name>
         <value>0xe87c</value>
         <object_component_ref idref="oc-287"/>
      </symbol>
      <symbol id="sm-54f">
         <name>__mspabi_slll_13</name>
         <value>0xe880</value>
         <object_component_ref idref="oc-287"/>
      </symbol>
      <symbol id="sm-550">
         <name>__mspabi_slll_12</name>
         <value>0xe884</value>
         <object_component_ref idref="oc-287"/>
      </symbol>
      <symbol id="sm-551">
         <name>__mspabi_slll_11</name>
         <value>0xe888</value>
         <object_component_ref idref="oc-287"/>
      </symbol>
      <symbol id="sm-552">
         <name>__mspabi_slll_10</name>
         <value>0xe88c</value>
         <object_component_ref idref="oc-287"/>
      </symbol>
      <symbol id="sm-55a">
         <name>__mspabi_srli_8</name>
         <value>0xe6b8</value>
         <object_component_ref idref="oc-ba"/>
      </symbol>
      <symbol id="sm-55b">
         <name>__mspabi_srli_9</name>
         <value>0xe6b4</value>
         <object_component_ref idref="oc-ba"/>
      </symbol>
      <symbol id="sm-55c">
         <name>__mspabi_srli_6</name>
         <value>0xe6c0</value>
         <object_component_ref idref="oc-ba"/>
      </symbol>
      <symbol id="sm-55d">
         <name>__mspabi_srli_7</name>
         <value>0xe6bc</value>
         <object_component_ref idref="oc-ba"/>
      </symbol>
      <symbol id="sm-55e">
         <name>__mspabi_srli_4</name>
         <value>0xe6c8</value>
         <object_component_ref idref="oc-ba"/>
      </symbol>
      <symbol id="sm-55f">
         <name>__mspabi_srli_5</name>
         <value>0xe6c4</value>
         <object_component_ref idref="oc-ba"/>
      </symbol>
      <symbol id="sm-560">
         <name>__mspabi_srli_2</name>
         <value>0xe6d0</value>
         <object_component_ref idref="oc-ba"/>
      </symbol>
      <symbol id="sm-561">
         <name>__mspabi_srli_3</name>
         <value>0xe6cc</value>
         <object_component_ref idref="oc-ba"/>
      </symbol>
      <symbol id="sm-562">
         <name>__mspabi_srli_1</name>
         <value>0xe6d4</value>
         <object_component_ref idref="oc-ba"/>
      </symbol>
      <symbol id="sm-563">
         <name>__mspabi_srli</name>
         <value>0xe68e</value>
         <object_component_ref idref="oc-ba"/>
      </symbol>
      <symbol id="sm-564">
         <name>__mspabi_srli_15</name>
         <value>0xe69c</value>
         <object_component_ref idref="oc-ba"/>
      </symbol>
      <symbol id="sm-565">
         <name>__mspabi_srli_14</name>
         <value>0xe6a0</value>
         <object_component_ref idref="oc-ba"/>
      </symbol>
      <symbol id="sm-566">
         <name>__mspabi_srli_13</name>
         <value>0xe6a4</value>
         <object_component_ref idref="oc-ba"/>
      </symbol>
      <symbol id="sm-567">
         <name>__mspabi_srli_12</name>
         <value>0xe6a8</value>
         <object_component_ref idref="oc-ba"/>
      </symbol>
      <symbol id="sm-568">
         <name>__mspabi_srli_11</name>
         <value>0xe6ac</value>
         <object_component_ref idref="oc-ba"/>
      </symbol>
      <symbol id="sm-569">
         <name>__mspabi_srli_10</name>
         <value>0xe6b0</value>
         <object_component_ref idref="oc-ba"/>
      </symbol>
      <symbol id="sm-579">
         <name>__mspabi_srll_8</name>
         <value>0xe65c</value>
         <object_component_ref idref="oc-28c"/>
      </symbol>
      <symbol id="sm-57a">
         <name>__mspabi_srll_9</name>
         <value>0xe656</value>
         <object_component_ref idref="oc-28c"/>
      </symbol>
      <symbol id="sm-57b">
         <name>__mspabi_srll_6</name>
         <value>0xe668</value>
         <object_component_ref idref="oc-28c"/>
      </symbol>
      <symbol id="sm-57c">
         <name>__mspabi_srll_7</name>
         <value>0xe662</value>
         <object_component_ref idref="oc-28c"/>
      </symbol>
      <symbol id="sm-57d">
         <name>__mspabi_srll_4</name>
         <value>0xe674</value>
         <object_component_ref idref="oc-28c"/>
      </symbol>
      <symbol id="sm-57e">
         <name>__mspabi_srll_5</name>
         <value>0xe66e</value>
         <object_component_ref idref="oc-28c"/>
      </symbol>
      <symbol id="sm-57f">
         <name>__mspabi_srll_2</name>
         <value>0xe680</value>
         <object_component_ref idref="oc-28c"/>
      </symbol>
      <symbol id="sm-580">
         <name>__mspabi_srll_3</name>
         <value>0xe67a</value>
         <object_component_ref idref="oc-28c"/>
      </symbol>
      <symbol id="sm-581">
         <name>__mspabi_srll_1</name>
         <value>0xe686</value>
         <object_component_ref idref="oc-28c"/>
      </symbol>
      <symbol id="sm-582">
         <name>__mspabi_srll_15</name>
         <value>0xe632</value>
         <object_component_ref idref="oc-28c"/>
      </symbol>
      <symbol id="sm-583">
         <name>__mspabi_srll_14</name>
         <value>0xe638</value>
         <object_component_ref idref="oc-28c"/>
      </symbol>
      <symbol id="sm-584">
         <name>__mspabi_srll_13</name>
         <value>0xe63e</value>
         <object_component_ref idref="oc-28c"/>
      </symbol>
      <symbol id="sm-585">
         <name>__mspabi_srll_12</name>
         <value>0xe644</value>
         <object_component_ref idref="oc-28c"/>
      </symbol>
      <symbol id="sm-586">
         <name>__mspabi_srll_11</name>
         <value>0xe64a</value>
         <object_component_ref idref="oc-28c"/>
      </symbol>
      <symbol id="sm-587">
         <name>__mspabi_srll_10</name>
         <value>0xe650</value>
         <object_component_ref idref="oc-28c"/>
      </symbol>
      <symbol id="sm-588">
         <name>__mspabi_srll</name>
         <value>0xee9e</value>
         <object_component_ref idref="oc-45c"/>
      </symbol>
      <symbol id="sm-597">
         <name>__mspabi_srlll</name>
         <value>0xe76e</value>
         <object_component_ref idref="oc-2a4"/>
      </symbol>
      <symbol id="sm-5d1">
         <name>__mspabi_addd</name>
         <value>0xc000</value>
         <object_component_ref idref="oc-443"/>
      </symbol>
      <symbol id="sm-5dc">
         <name>__TI_frcmpyd</name>
         <value>0xd5b0</value>
         <object_component_ref idref="oc-1c3"/>
      </symbol>
      <symbol id="sm-5e4">
         <name>__mspabi_mpyull_sw</name>
         <value>0xee0e</value>
         <object_component_ref idref="oc-29f"/>
      </symbol>
      <symbol id="sm-5e5">
         <name>__mspabi_mpyull</name>
         <value>0xee0e</value>
         <object_component_ref idref="oc-29f"/>
      </symbol>
      <symbol id="sm-5ed">
         <name>__mspabi_mpyll</name>
         <value>0xd854</value>
         <object_component_ref idref="oc-29a"/>
      </symbol>
      <symbol id="sm-5ee">
         <name>__mspabi_mpyll_sw</name>
         <value>0xd854</value>
         <object_component_ref idref="oc-29a"/>
      </symbol>
      <symbol id="sm-5fb">
         <name>__mspabi_srall</name>
         <value>0xe6da</value>
         <object_component_ref idref="oc-454"/>
      </symbol>
      <symbol id="sm-608">
         <name>__mspabi_sllll</name>
         <value>0xe7b4</value>
         <object_component_ref idref="oc-294"/>
      </symbol>
      <symbol id="sm-613">
         <name>__mspabi_mpyul_sw</name>
         <value>0xedec</value>
         <object_component_ref idref="oc-39f"/>
      </symbol>
      <symbol id="sm-614">
         <name>__mspabi_mpyul</name>
         <value>0xedec</value>
         <object_component_ref idref="oc-39f"/>
      </symbol>
      <symbol id="sm-61e">
         <name>__mspabi_mpyl_sw</name>
         <value>0xeace</value>
         <object_component_ref idref="oc-39a"/>
      </symbol>
      <symbol id="sm-61f">
         <name>__mspabi_mpyl</name>
         <value>0xeace</value>
         <object_component_ref idref="oc-39a"/>
      </symbol>
   </symbol_table>
   <title>Link successful</title>
</link_info>
