******************************************************************************
                  MSP430 Linker PC v21.6.0                     
******************************************************************************
>> Linked Sat Jul 30 18:41:49 2022

OUTPUT FILE NAME:   <car1.out>
ENTRY POINT SYMBOL: "_c_int00_noargs"  address: 0000d4e0


MEMORY CONFIGURATION

         name            origin    length      used     unused   attr    fill
----------------------  --------  ---------  --------  --------  ----  --------
  SFR                   00000000   00000010  00000000  00000010  RWIX
  PERIPHERALS_8BIT      00000010   000000f0  00000000  000000f0  RWIX
  PERIPHERALS_16BIT     00000100   00000100  00000000  00000100  RWIX
  RAM                   00000200   00000200  00000068  00000198  RWIX
  INFOD                 00001000   00000040  00000000  00000040  RWIX
  INFOC                 00001040   00000040  00000000  00000040  RWIX
  INFOB                 00001080   00000040  00000000  00000040  RWIX
  INFOA                 000010c0   00000040  00000000  00000040  RWIX
  FLASH                 0000c000   00003fde  000015ce  00002a10  RWIX
  BSLSIGNATURE          0000ffde   00000002  00000002  00000000  RWIX  ffff 
  INT00                 0000ffe0   00000002  00000002  00000000  RWIX
  INT01                 0000ffe2   00000002  00000000  00000002  RWIX
  INT02                 0000ffe4   00000002  00000002  00000000  RWIX
  INT03                 0000ffe6   00000002  00000002  00000000  RWIX
  INT04                 0000ffe8   00000002  00000000  00000002  RWIX
  INT05                 0000ffea   00000002  00000002  00000000  RWIX
  INT06                 0000ffec   00000002  00000002  00000000  RWIX
  INT07                 0000ffee   00000002  00000002  00000000  RWIX
  INT08                 0000fff0   00000002  00000002  00000000  RWIX
  INT09                 0000fff2   00000002  00000002  00000000  RWIX
  INT10                 0000fff4   00000002  00000002  00000000  RWIX
  INT11                 0000fff6   00000002  00000002  00000000  RWIX
  INT12                 0000fff8   00000002  00000002  00000000  RWIX
  INT13                 0000fffa   00000002  00000002  00000000  RWIX
  INT14                 0000fffc   00000002  00000002  00000000  RWIX
  RESET                 0000fffe   00000002  00000002  00000000  RWIX


SECTION ALLOCATION MAP

 output                                  attributes/
section   page    origin      length       input sections
--------  ----  ----------  ----------   ----------------
.bss       0    00000200    00000012     UNINITIALIZED
                  00000200    00000010     xunji.obj (.bss)
                  00000210    00000002     (.common:i)

.data      0    00000212    00000006     UNINITIALIZED
                  00000212    00000006     main.obj (.data)

.stack     0    000003b0    00000050     UNINITIALIZED
                  000003b0    00000002     rts430_eabi.lib : boot.c.obj (.stack)
                  000003b2    0000004e     --HOLE--

.text      0    0000c000    0000158c     
                  0000c000    000004fc     xunji.obj (.text:xunji3_detect)
                  0000c4fc    00000284     xunji.obj (.text:xunji1_detect)
                  0000c780    00000284     xunji.obj (.text:xunji4_detect)
                  0000ca04    00000282     xunji.obj (.text:xunji2_detect)
                  0000cc86    000000de     main.obj (.text:main)
                  0000cd64    000000d0     car.obj (.text:motorrun4)
                  0000ce34    000000a8     car.obj (.text:motorrun1)
                  0000cedc    0000009c     car.obj (.text:motorrun2)
                  0000cf78    0000009c     car.obj (.text:motorrun3)
                  0000d014    0000007c     rts430_eabi.lib : copy_decompress_lzss.c.obj (.text:decompress:lzss:__TI_decompress_lzss)
                  0000d090    0000004e     led.obj (.text:key_scan)
                  0000d0de    0000004c     rts430_eabi.lib : lsr16.asm.obj (.text)
                  0000d12a    0000004a     xunji.obj (.text:xunji_Init)
                  0000d174    00000042     rts430_eabi.lib : autoinit.c.obj (.text:__TI_auto_init_nobinit_nopinit:__TI_auto_init_nobinit_nopinit)
                  0000d1b6    00000038     car.obj (.text:PWM_init)
                  0000d1ee    00000032     car.obj (.text:motor_init)
                  0000d220    00000030     led.obj (.text:led_init)
                  0000d250    0000002c     rts430_eabi.lib : lsl16.asm.obj (.text)
                  0000d27c    0000002a     uart.obj (.text:uart_init)
                  0000d2a6    00000026     car.obj (.text:run1)
                  0000d2cc    00000026     car.obj (.text:run2)
                  0000d2f2    00000026     car.obj (.text:run3)
                  0000d318    00000026     car.obj (.text:turnleftbig1)
                  0000d33e    00000026     car.obj (.text:turnleftbig2)
                  0000d364    00000026     car.obj (.text:turnleftbig3)
                  0000d38a    00000026     car.obj (.text:turnleftsmall1)
                  0000d3b0    00000026     car.obj (.text:turnleftsmall2)
                  0000d3d6    00000026     car.obj (.text:turnleftsmall3)
                  0000d3fc    00000026     car.obj (.text:turnrightbig1)
                  0000d422    00000026     car.obj (.text:turnrightbig2)
                  0000d448    00000026     car.obj (.text:turnrightbig3)
                  0000d46e    00000026     car.obj (.text:turnrightsmall1)
                  0000d494    00000026     car.obj (.text:turnrightsmall2)
                  0000d4ba    00000026     car.obj (.text:turnrightsmall3)
                  0000d4e0    0000001c     rts430_eabi.lib : boot.c.obj (.text:_c_int00_noargs)
                  0000d4fc    0000001a     uart.obj (.text:UARTSendString)
                  0000d516    0000001a     car.obj (.text:stop)
                  0000d530    00000014     rts430_eabi.lib : copy_zero_init.c.obj (.text:decompress:ZI:__TI_zero_init_nomemset:__TI_zero_init_nomemset)
                  0000d544    00000012                     : copy_decompress_none.c.obj (.text:decompress:none:__TI_decompress_none)
                  0000d556    00000012                     : memcpy.c.obj (.text:memcpy)
                  0000d568    00000010                     : epilog.asm.obj (.text)
                  0000d578    00000008                     : isr_trap.asm.obj (.text:_isr:__TI_ISR_TRAP)
                  0000d580    00000006                     : exit.c.obj (.text:abort)
                  0000d586    00000004                     : pre_init.c.obj (.text:_system_pre_init)
                  0000d58a    00000002                     : startup.c.obj (.text:_system_post_cinit)

.const     0    0000d58c    00000028     
                  0000d58c    00000020     main.obj (.const:.string)
                  0000d5ac    00000008     car.obj (.const:.string)

.cinit     0    0000d5b4    0000001a     
                  0000d5b4    00000007     (.cinit..data.load) [load image, compression = lzss]
                  0000d5bb    00000001     --HOLE-- [fill = 0]
                  0000d5bc    00000006     (__TI_handler_table)
                  0000d5c2    00000004     (.cinit..bss.load) [load image, compression = zero_init]
                  0000d5c6    00000008     (__TI_cinit_table)

.binit     0    0000c000    00000000     

.init_array 
*          0    0000c000    00000000     UNINITIALIZED

TRAPINT    0    0000ffe0    00000002     
                  0000ffe0    00000002     rts430_eabi.lib : int00.asm.obj (.int00)

PORT1      0    0000ffe4    00000002     
                  0000ffe4    00000002     rts430_eabi.lib : int02.asm.obj (.int02)

PORT2      0    0000ffe6    00000002     
                  0000ffe6    00000002     rts430_eabi.lib : int03.asm.obj (.int03)

ADC10      0    0000ffea    00000002     
                  0000ffea    00000002     rts430_eabi.lib : int05.asm.obj (.int05)

USCIAB0TX 
*          0    0000ffec    00000002     
                  0000ffec    00000002     rts430_eabi.lib : int06.asm.obj (.int06)

USCIAB0RX 
*          0    0000ffee    00000002     
                  0000ffee    00000002     rts430_eabi.lib : int07.asm.obj (.int07)

TIMER0_A1 
*          0    0000fff0    00000002     
                  0000fff0    00000002     rts430_eabi.lib : int08.asm.obj (.int08)

TIMER0_A0 
*          0    0000fff2    00000002     
                  0000fff2    00000002     rts430_eabi.lib : int09.asm.obj (.int09)

WDT        0    0000fff4    00000002     
                  0000fff4    00000002     rts430_eabi.lib : int10.asm.obj (.int10)

COMPARATORA 
*          0    0000fff6    00000002     
                  0000fff6    00000002     rts430_eabi.lib : int11.asm.obj (.int11)

TIMER1_A1 
*          0    0000fff8    00000002     
                  0000fff8    00000002     rts430_eabi.lib : int12.asm.obj (.int12)

TIMER1_A0 
*          0    0000fffa    00000002     
                  0000fffa    00000002     rts430_eabi.lib : int13.asm.obj (.int13)

NMI        0    0000fffc    00000002     
                  0000fffc    00000002     rts430_eabi.lib : int14.asm.obj (.int14)

.reset     0    0000fffe    00000002     
                  0000fffe    00000002     rts430_eabi.lib : boot.c.obj (.reset)

$fill000   0    0000ffde    00000002     
                  0000ffde    00000002     --HOLE-- [fill = ffff]

MODULE SUMMARY

       Module                       code   ro data   rw data
       ------                       ----   -------   -------
    .\src\
       xunji.obj                    3280   0         16     
       car.obj                      1390   8         2      
       main.obj                     222    32        6      
       led.obj                      126    0         0      
       uart.obj                     68     0         0      
    +--+----------------------------+------+---------+---------+
       Total:                       5086   40        24     
                                                            
    E:\ccs1200\ccs\tools\compiler\ti-cgt-msp430_21.6.0.LTS\lib\rts430_eabi.lib
       copy_decompress_lzss.c.obj   124    0         0      
       lsr16.asm.obj                76     0         0      
       autoinit.c.obj               66     0         0      
       lsl16.asm.obj                44     0         0      
       boot.c.obj                   28     2         0      
       copy_zero_init.c.obj         20     0         0      
       copy_decompress_none.c.obj   18     0         0      
       memcpy.c.obj                 18     0         0      
       epilog.asm.obj               16     0         0      
       isr_trap.asm.obj             8      0         0      
       exit.c.obj                   6      0         0      
       pre_init.c.obj               4      0         0      
       int00.asm.obj                0      2         0      
       int02.asm.obj                0      2         0      
       int03.asm.obj                0      2         0      
       int05.asm.obj                0      2         0      
       int06.asm.obj                0      2         0      
       int07.asm.obj                0      2         0      
       int08.asm.obj                0      2         0      
       int09.asm.obj                0      2         0      
       int10.asm.obj                0      2         0      
       int11.asm.obj                0      2         0      
       int12.asm.obj                0      2         0      
       int13.asm.obj                0      2         0      
       int14.asm.obj                0      2         0      
       startup.c.obj                2      0         0      
    +--+----------------------------+------+---------+---------+
       Total:                       430    28        0      
                                                            
       Stack:                       0      0         80     
       Linker Generated:            0      25        0      
    +--+----------------------------+------+---------+---------+
       Grand Total:                 5516   93        104    


LINKER GENERATED COPY TABLES

__TI_cinit_table @ 0000d5c6 records: 2, size/record: 4, table size: 8
	.data: load addr=0000d5b4, load size=00000007 bytes, run addr=00000212, run size=00000006 bytes, compression=lzss
	.bss: load addr=0000d5c2, load size=00000004 bytes, run addr=00000200, run size=00000012 bytes, compression=zero_init


LINKER GENERATED HANDLER TABLE

__TI_handler_table @ 0000d5bc records: 3, size/record: 2, table size: 6
	index: 0, handler: __TI_zero_init
	index: 1, handler: __TI_decompress_lzss
	index: 2, handler: __TI_decompress_none


GLOBAL SYMBOLS: SORTED ALPHABETICALLY BY Name 

address   name                          
-------   ----                          
0000004a  ADC10AE0                      
000001b0  ADC10CTL0                     
000001b2  ADC10CTL1                     
00000048  ADC10DTC0                     
00000049  ADC10DTC1                     
000001b4  ADC10MEM                      
000001bc  ADC10SA                       
00000057  BCSCTL1                       
00000058  BCSCTL2                       
00000053  BCSCTL3                       
0000d580  C$$EXIT                       
00000059  CACTL1                        
0000005a  CACTL2                        
000010fb  CALBC1_12MHZ                  
000010f9  CALBC1_16MHZ                  
000010ff  CALBC1_1MHZ                   
000010fd  CALBC1_8MHZ                   
000010fa  CALDCO_12MHZ                  
000010f8  CALDCO_16MHZ                  
000010fe  CALDCO_1MHZ                   
000010fc  CALDCO_8MHZ                   
0000005b  CAPD                          
00000056  DCOCTL                        
00000128  FCTL1                         
0000012a  FCTL2                         
0000012c  FCTL3                         
00000000  IE1                           
00000001  IE2                           
00000002  IFG1                          
00000003  IFG2                          
00000022  P1DIR                         
00000025  P1IE                          
00000024  P1IES                         
00000023  P1IFG                         
00000020  P1IN                          
00000021  P1OUT                         
00000027  P1REN                         
00000026  P1SEL                         
00000041  P1SEL2                        
0000002a  P2DIR                         
0000002d  P2IE                          
0000002c  P2IES                         
0000002b  P2IFG                         
00000028  P2IN                          
00000029  P2OUT                         
0000002f  P2REN                         
0000002e  P2SEL                         
00000042  P2SEL2                        
0000001a  P3DIR                         
00000018  P3IN                          
00000019  P3OUT                         
00000010  P3REN                         
0000001b  P3SEL                         
00000043  P3SEL2                        
0000d1b6  PWM_init                      
00000172  TA0CCR0                       
00000174  TA0CCR1                       
00000176  TA0CCR2                       
00000162  TA0CCTL0                      
00000164  TA0CCTL1                      
00000166  TA0CCTL2                      
00000160  TA0CTL                        
0000012e  TA0IV                         
00000170  TA0R                          
00000192  TA1CCR0                       
00000194  TA1CCR1                       
00000196  TA1CCR2                       
00000182  TA1CCTL0                      
00000184  TA1CCTL1                      
00000186  TA1CCTL2                      
00000180  TA1CTL                        
0000011e  TA1IV                         
00000190  TA1R                          
000010db  TLV_ADC10_1_LEN               
000010da  TLV_ADC10_1_TAG               
000010c0  TLV_CHECKSUM                  
000010f7  TLV_DCO_30_LEN                
000010f6  TLV_DCO_30_TAG                
0000d4fc  UARTSendString                
0000005d  UCA0ABCTL                     
00000062  UCA0BR0                       
00000063  UCA0BR1                       
00000060  UCA0CTL0                      
00000061  UCA0CTL1                      
0000005f  UCA0IRRCTL                    
0000005e  UCA0IRTCTL                    
00000064  UCA0MCTL                      
00000066  UCA0RXBUF                     
00000065  UCA0STAT                      
00000067  UCA0TXBUF                     
0000006a  UCB0BR0                       
0000006b  UCB0BR1                       
00000068  UCB0CTL0                      
00000069  UCB0CTL1                      
0000006c  UCB0I2CIE                     
00000118  UCB0I2COA                     
0000011a  UCB0I2CSA                     
0000006e  UCB0RXBUF                     
0000006d  UCB0STAT                      
0000006f  UCB0TXBUF                     
00000120  WDTCTL                        
00000400  __STACK_END                   
00000050  __STACK_SIZE                  
0000d5c6  __TI_CINIT_Base               
0000d5ce  __TI_CINIT_Limit              
0000d5ce  __TI_CINIT_Warm               
0000d5bc  __TI_Handler_Table_Base       
0000d5c2  __TI_Handler_Table_Limit      
0000d578  __TI_ISR_TRAP                 
0000d174  __TI_auto_init_nobinit_nopinit
0000d014  __TI_decompress_lzss          
0000d544  __TI_decompress_none          
0000ffe0  __TI_int00                    
0000ffe4  __TI_int02                    
0000ffe6  __TI_int03                    
0000ffea  __TI_int05                    
0000ffec  __TI_int06                    
0000ffee  __TI_int07                    
0000fff0  __TI_int08                    
0000fff2  __TI_int09                    
0000fff4  __TI_int10                    
0000fff6  __TI_int11                    
0000fff8  __TI_int12                    
0000fffa  __TI_int13                    
0000fffc  __TI_int14                    
ffffffff  __TI_pprof_out_hndl           
ffffffff  __TI_prof_data_size           
ffffffff  __TI_prof_data_start          
0000d530  __TI_zero_init_nomemset       
ffffffff  __c_args__                    
0000d574  __mspabi_func_epilog_1        
0000d572  __mspabi_func_epilog_2        
0000d570  __mspabi_func_epilog_3        
0000d56e  __mspabi_func_epilog_4        
0000d56c  __mspabi_func_epilog_5        
0000d56a  __mspabi_func_epilog_6        
0000d568  __mspabi_func_epilog_7        
0000d250  __mspabi_slli                 
0000d278  __mspabi_slli_1               
0000d266  __mspabi_slli_10              
0000d264  __mspabi_slli_11              
0000d262  __mspabi_slli_12              
0000d260  __mspabi_slli_13              
0000d25e  __mspabi_slli_14              
0000d25c  __mspabi_slli_15              
0000d276  __mspabi_slli_2               
0000d274  __mspabi_slli_3               
0000d272  __mspabi_slli_4               
0000d270  __mspabi_slli_5               
0000d26e  __mspabi_slli_6               
0000d26c  __mspabi_slli_7               
0000d26a  __mspabi_slli_8               
0000d268  __mspabi_slli_9               
0000d0de  __mspabi_srli                 
0000d124  __mspabi_srli_1               
0000d100  __mspabi_srli_10              
0000d0fc  __mspabi_srli_11              
0000d0f8  __mspabi_srli_12              
0000d0f4  __mspabi_srli_13              
0000d0f0  __mspabi_srli_14              
0000d0ec  __mspabi_srli_15              
0000d120  __mspabi_srli_2               
0000d11c  __mspabi_srli_3               
0000d118  __mspabi_srli_4               
0000d114  __mspabi_srli_5               
0000d110  __mspabi_srli_6               
0000d10c  __mspabi_srli_7               
0000d108  __mspabi_srli_8               
0000d104  __mspabi_srli_9               
0000d4e0  _c_int00_noargs               
0000fffe  _reset_vector                 
000003b0  _stack                        
0000d58a  _system_post_cinit            
0000d586  _system_pre_init              
0000d580  abort                         
00000214  flag                          
00000210  i                             
00000212  key_flag                      
0000d090  key_scan                      
0000d220  led_init                      
0000cc86  main                          
0000d556  memcpy                        
0000d1ee  motor_init                    
0000ce34  motorrun1                     
0000cedc  motorrun2                     
0000cf78  motorrun3                     
0000cd64  motorrun4                     
0000d2a6  run1                          
0000d2cc  run2                          
0000d2f2  run3                          
0000d516  stop                          
00000216  stop_flag                     
0000d318  turnleftbig1                  
0000d33e  turnleftbig2                  
0000d364  turnleftbig3                  
0000d38a  turnleftsmall1                
0000d3b0  turnleftsmall2                
0000d3d6  turnleftsmall3                
0000d3fc  turnrightbig1                 
0000d422  turnrightbig2                 
0000d448  turnrightbig3                 
0000d46e  turnrightsmall1               
0000d494  turnrightsmall2               
0000d4ba  turnrightsmall3               
0000d27c  uart_init                     
0000c4fc  xunji1_detect                 
0000ca04  xunji2_detect                 
0000c000  xunji3_detect                 
0000c780  xunji4_detect                 
0000d12a  xunji_Init                    


GLOBAL SYMBOLS: SORTED BY Symbol Address 

address   name                          
-------   ----                          
00000000  IE1                           
00000001  IE2                           
00000002  IFG1                          
00000003  IFG2                          
00000010  P3REN                         
00000018  P3IN                          
00000019  P3OUT                         
0000001a  P3DIR                         
0000001b  P3SEL                         
00000020  P1IN                          
00000021  P1OUT                         
00000022  P1DIR                         
00000023  P1IFG                         
00000024  P1IES                         
00000025  P1IE                          
00000026  P1SEL                         
00000027  P1REN                         
00000028  P2IN                          
00000029  P2OUT                         
0000002a  P2DIR                         
0000002b  P2IFG                         
0000002c  P2IES                         
0000002d  P2IE                          
0000002e  P2SEL                         
0000002f  P2REN                         
00000041  P1SEL2                        
00000042  P2SEL2                        
00000043  P3SEL2                        
00000048  ADC10DTC0                     
00000049  ADC10DTC1                     
0000004a  ADC10AE0                      
00000050  __STACK_SIZE                  
00000053  BCSCTL3                       
00000056  DCOCTL                        
00000057  BCSCTL1                       
00000058  BCSCTL2                       
00000059  CACTL1                        
0000005a  CACTL2                        
0000005b  CAPD                          
0000005d  UCA0ABCTL                     
0000005e  UCA0IRTCTL                    
0000005f  UCA0IRRCTL                    
00000060  UCA0CTL0                      
00000061  UCA0CTL1                      
00000062  UCA0BR0                       
00000063  UCA0BR1                       
00000064  UCA0MCTL                      
00000065  UCA0STAT                      
00000066  UCA0RXBUF                     
00000067  UCA0TXBUF                     
00000068  UCB0CTL0                      
00000069  UCB0CTL1                      
0000006a  UCB0BR0                       
0000006b  UCB0BR1                       
0000006c  UCB0I2CIE                     
0000006d  UCB0STAT                      
0000006e  UCB0RXBUF                     
0000006f  UCB0TXBUF                     
00000118  UCB0I2COA                     
0000011a  UCB0I2CSA                     
0000011e  TA1IV                         
00000120  WDTCTL                        
00000128  FCTL1                         
0000012a  FCTL2                         
0000012c  FCTL3                         
0000012e  TA0IV                         
00000160  TA0CTL                        
00000162  TA0CCTL0                      
00000164  TA0CCTL1                      
00000166  TA0CCTL2                      
00000170  TA0R                          
00000172  TA0CCR0                       
00000174  TA0CCR1                       
00000176  TA0CCR2                       
00000180  TA1CTL                        
00000182  TA1CCTL0                      
00000184  TA1CCTL1                      
00000186  TA1CCTL2                      
00000190  TA1R                          
00000192  TA1CCR0                       
00000194  TA1CCR1                       
00000196  TA1CCR2                       
000001b0  ADC10CTL0                     
000001b2  ADC10CTL1                     
000001b4  ADC10MEM                      
000001bc  ADC10SA                       
00000210  i                             
00000212  key_flag                      
00000214  flag                          
00000216  stop_flag                     
000003b0  _stack                        
00000400  __STACK_END                   
000010c0  TLV_CHECKSUM                  
000010da  TLV_ADC10_1_TAG               
000010db  TLV_ADC10_1_LEN               
000010f6  TLV_DCO_30_TAG                
000010f7  TLV_DCO_30_LEN                
000010f8  CALDCO_16MHZ                  
000010f9  CALBC1_16MHZ                  
000010fa  CALDCO_12MHZ                  
000010fb  CALBC1_12MHZ                  
000010fc  CALDCO_8MHZ                   
000010fd  CALBC1_8MHZ                   
000010fe  CALDCO_1MHZ                   
000010ff  CALBC1_1MHZ                   
0000c000  xunji3_detect                 
0000c4fc  xunji1_detect                 
0000c780  xunji4_detect                 
0000ca04  xunji2_detect                 
0000cc86  main                          
0000cd64  motorrun4                     
0000ce34  motorrun1                     
0000cedc  motorrun2                     
0000cf78  motorrun3                     
0000d014  __TI_decompress_lzss          
0000d090  key_scan                      
0000d0de  __mspabi_srli                 
0000d0ec  __mspabi_srli_15              
0000d0f0  __mspabi_srli_14              
0000d0f4  __mspabi_srli_13              
0000d0f8  __mspabi_srli_12              
0000d0fc  __mspabi_srli_11              
0000d100  __mspabi_srli_10              
0000d104  __mspabi_srli_9               
0000d108  __mspabi_srli_8               
0000d10c  __mspabi_srli_7               
0000d110  __mspabi_srli_6               
0000d114  __mspabi_srli_5               
0000d118  __mspabi_srli_4               
0000d11c  __mspabi_srli_3               
0000d120  __mspabi_srli_2               
0000d124  __mspabi_srli_1               
0000d12a  xunji_Init                    
0000d174  __TI_auto_init_nobinit_nopinit
0000d1b6  PWM_init                      
0000d1ee  motor_init                    
0000d220  led_init                      
0000d250  __mspabi_slli                 
0000d25c  __mspabi_slli_15              
0000d25e  __mspabi_slli_14              
0000d260  __mspabi_slli_13              
0000d262  __mspabi_slli_12              
0000d264  __mspabi_slli_11              
0000d266  __mspabi_slli_10              
0000d268  __mspabi_slli_9               
0000d26a  __mspabi_slli_8               
0000d26c  __mspabi_slli_7               
0000d26e  __mspabi_slli_6               
0000d270  __mspabi_slli_5               
0000d272  __mspabi_slli_4               
0000d274  __mspabi_slli_3               
0000d276  __mspabi_slli_2               
0000d278  __mspabi_slli_1               
0000d27c  uart_init                     
0000d2a6  run1                          
0000d2cc  run2                          
0000d2f2  run3                          
0000d318  turnleftbig1                  
0000d33e  turnleftbig2                  
0000d364  turnleftbig3                  
0000d38a  turnleftsmall1                
0000d3b0  turnleftsmall2                
0000d3d6  turnleftsmall3                
0000d3fc  turnrightbig1                 
0000d422  turnrightbig2                 
0000d448  turnrightbig3                 
0000d46e  turnrightsmall1               
0000d494  turnrightsmall2               
0000d4ba  turnrightsmall3               
0000d4e0  _c_int00_noargs               
0000d4fc  UARTSendString                
0000d516  stop                          
0000d530  __TI_zero_init_nomemset       
0000d544  __TI_decompress_none          
0000d556  memcpy                        
0000d568  __mspabi_func_epilog_7        
0000d56a  __mspabi_func_epilog_6        
0000d56c  __mspabi_func_epilog_5        
0000d56e  __mspabi_func_epilog_4        
0000d570  __mspabi_func_epilog_3        
0000d572  __mspabi_func_epilog_2        
0000d574  __mspabi_func_epilog_1        
0000d578  __TI_ISR_TRAP                 
0000d580  C$$EXIT                       
0000d580  abort                         
0000d586  _system_pre_init              
0000d58a  _system_post_cinit            
0000d5bc  __TI_Handler_Table_Base       
0000d5c2  __TI_Handler_Table_Limit      
0000d5c6  __TI_CINIT_Base               
0000d5ce  __TI_CINIT_Limit              
0000d5ce  __TI_CINIT_Warm               
0000ffe0  __TI_int00                    
0000ffe4  __TI_int02                    
0000ffe6  __TI_int03                    
0000ffea  __TI_int05                    
0000ffec  __TI_int06                    
0000ffee  __TI_int07                    
0000fff0  __TI_int08                    
0000fff2  __TI_int09                    
0000fff4  __TI_int10                    
0000fff6  __TI_int11                    
0000fff8  __TI_int12                    
0000fffa  __TI_int13                    
0000fffc  __TI_int14                    
0000fffe  _reset_vector                 
ffffffff  __TI_pprof_out_hndl           
ffffffff  __TI_prof_data_size           
ffffffff  __TI_prof_data_start          
ffffffff  __c_args__                    

[210 symbols]
